Archive member included to satisfy reference by file (symbol)

./libDaisy/build/libdaisy.a(daisy_seed.o)
                              build/TestTFT.o (daisy::DaisySeed::Configure())
./libDaisy/build/libdaisy.a(codec_ak4556.o)
                              ./libDaisy/build/libdaisy.a(daisy_seed.o) (daisy::Ak4556::Init(dsy_gpio_pin))
./libDaisy/build/libdaisy.a(codec_wm8731.o)
                              ./libDaisy/build/libdaisy.a(daisy_seed.o) (daisy::Wm8731::Init(daisy::Wm8731::Config const&, daisy::I2CHandle))
./libDaisy/build/libdaisy.a(sdram.o)
                              ./libDaisy/build/libdaisy.a(daisy_seed.o) (SdramHandle::Init())
./libDaisy/build/libdaisy.a(audio.o)
                              ./libDaisy/build/libdaisy.a(daisy_seed.o) (daisy::AudioHandle::Init(daisy::AudioHandle::Config const&, daisy::SaiHandle))
./libDaisy/build/libdaisy.a(encoder.o)
                              build/TestTFT.o (daisy::Encoder::Init(dsy_gpio_pin, dsy_gpio_pin, dsy_gpio_pin, float))
./libDaisy/build/libdaisy.a(logger.o)
                              build/TestTFT.o (daisy::Logger<(daisy::LoggerDestination)1>::PrintLine(char const*, ...))
./libDaisy/build/libdaisy.a(switch.o)
                              build/Buttons.o (daisy::Switch::Init(dsy_gpio_pin, float, daisy::Switch::Type, daisy::Switch::Polarity, daisy::Switch::Pull))
./libDaisy/build/libdaisy.a(usb.o)
                              build/TestTFT.o (daisy::UsbHandle::Init(daisy::UsbHandle::UsbPeriph))
./libDaisy/build/libdaisy.a(gpio.o)
                              build/TFT_SPI.o (daisy::GPIO::Init(daisy::Pin, daisy::GPIO::Mode, daisy::GPIO::Pull, daisy::GPIO::Speed))
./libDaisy/build/libdaisy.a(i2c.o)
                              ./libDaisy/build/libdaisy.a(daisy_seed.o) (daisy::I2CHandle::Init(daisy::I2CHandle::Config const&))
./libDaisy/build/libdaisy.a(qspi.o)
                              ./libDaisy/build/libdaisy.a(daisy_seed.o) (daisy::QSPIHandle::Init(daisy::QSPIHandle::Config const&))
./libDaisy/build/libdaisy.a(sai.o)
                              ./libDaisy/build/libdaisy.a(daisy_seed.o) (daisy::SaiHandle::Init(daisy::SaiHandle::Config const&))
./libDaisy/build/libdaisy.a(spi.o)
                              build/TFT_SPI.o (daisy::SpiHandle::Init(daisy::SpiHandle::Config const&))
./libDaisy/build/libdaisy.a(system.o)
                              ./libDaisy/build/libdaisy.a(daisy_seed.o) (daisy::System::DeInit())
./libDaisy/build/libdaisy.a(system_stm32h7xx.o)
                              build/startup_stm32h750xx.o (SystemInit)
./libDaisy/build/libdaisy.a(usbd_cdc_if.o)
                              ./libDaisy/build/libdaisy.a(usb.o) (CDC_Transmit_FS)
./libDaisy/build/libdaisy.a(usbd_conf.o)
                              ./libDaisy/build/libdaisy.a(system.o) (hpcd_USB_OTG_HS)
./libDaisy/build/libdaisy.a(usbd_desc.o)
                              ./libDaisy/build/libdaisy.a(usb.o) (HS_Desc)
./libDaisy/build/libdaisy.a(usbh_conf.o)
                              ./libDaisy/build/libdaisy.a(system.o) (hhcd_USB_OTG_HS)
./libDaisy/build/libdaisy.a(hal_map.o)
                              ./libDaisy/build/libdaisy.a(gpio.o) (dsy_hal_map_get_port)
./libDaisy/build/libdaisy.a(stm32h7xx_hal.o)
                              ./libDaisy/build/libdaisy.a(system.o) (HAL_Init)
./libDaisy/build/libdaisy.a(stm32h7xx_hal_cortex.o)
                              ./libDaisy/build/libdaisy.a(stm32h7xx_hal.o) (HAL_NVIC_SetPriorityGrouping)
./libDaisy/build/libdaisy.a(stm32h7xx_hal_dma.o)
                              ./libDaisy/build/libdaisy.a(i2c.o) (HAL_DMA_Init)
./libDaisy/build/libdaisy.a(stm32h7xx_hal_gpio.o)
                              ./libDaisy/build/libdaisy.a(sdram.o) (HAL_GPIO_Init)
./libDaisy/build/libdaisy.a(stm32h7xx_hal_hcd.o)
                              ./libDaisy/build/libdaisy.a(usbh_conf.o) (HAL_HCD_HC_Init)
./libDaisy/build/libdaisy.a(stm32h7xx_hal_i2c.o)
                              ./libDaisy/build/libdaisy.a(i2c.o) (HAL_I2C_Init)
./libDaisy/build/libdaisy.a(stm32h7xx_hal_i2c_ex.o)
                              ./libDaisy/build/libdaisy.a(i2c.o) (HAL_I2CEx_ConfigAnalogFilter)
./libDaisy/build/libdaisy.a(stm32h7xx_hal_pcd.o)
                              ./libDaisy/build/libdaisy.a(usbd_conf.o) (HAL_PCD_Init)
./libDaisy/build/libdaisy.a(stm32h7xx_hal_pcd_ex.o)
                              ./libDaisy/build/libdaisy.a(usbd_conf.o) (HAL_PCDEx_SetTxFiFo)
./libDaisy/build/libdaisy.a(stm32h7xx_hal_pwr_ex.o)
                              ./libDaisy/build/libdaisy.a(system.o) (HAL_PWREx_ConfigSupply)
./libDaisy/build/libdaisy.a(stm32h7xx_hal_qspi.o)
                              ./libDaisy/build/libdaisy.a(qspi.o) (HAL_QSPI_Init)
./libDaisy/build/libdaisy.a(stm32h7xx_hal_rcc.o)
                              ./libDaisy/build/libdaisy.a(system.o) (HAL_RCC_OscConfig)
./libDaisy/build/libdaisy.a(stm32h7xx_hal_rcc_ex.o)
                              ./libDaisy/build/libdaisy.a(system.o) (HAL_RCCEx_PeriphCLKConfig)
[...]
Memory Configuration

Name             Origin             Length             Attributes
FLASH            0x0000000008000000 0x0000000000020000 xr
DTCMRAM          0x0000000020000000 0x0000000000020000 xrw
SRAM             0x0000000024000000 0x0000000000080000 xrw
RAM_D2           0x0000000030000000 0x0000000000048000 xrw
RAM_D3           0x0000000038000000 0x0000000000010000 xrw
BACKUP_SRAM      0x0000000038800000 0x0000000000001000 xrw
ITCMRAM          0x0000000000000000 0x0000000000010000 xrw
SDRAM            0x00000000c0000000 0x0000000004000000 xrw
QSPIFLASH        0x0000000090000000 0x0000000000800000 xr
*default*        0x0000000000000000 0xffffffffffffffff

Linker script and memory map

LOAD /Library/DaisyToolchain/0.2.0/arm/bin/../lib/gcc/arm-none-eabi/10.3.1/thumb/v7e-m+dp/hard/crti.o
LOAD /Library/DaisyToolchain/0.2.0/arm/bin/../lib/gcc/arm-none-eabi/10.3.1/thumb/v7e-m+dp/hard/crtbegin.o
LOAD /Library/DaisyToolchain/0.2.0/arm/bin/../lib/gcc/arm-none-eabi/10.3.1/../../../../arm-none-eabi/lib/thumb/v7e-m+dp/hard/crt0.o
LOAD build/startup_stm32h750xx.o
LOAD build/TestTFT.o
LOAD build/TFT_SPI.o
LOAD build/Frame.o
LOAD build/GFX.o
LOAD build/Pap.o
LOAD build/Buttons.o
LOAD build/Menu.o
LOAD build/Spirits.o
LOAD build/Sound.o
LOAD build/ChordLibrary.o
LOAD ./libDaisy/build/libdaisy.a
LOAD /Library/DaisyToolchain/0.2.0/arm/bin/../lib/gcc/arm-none-eabi/10.3.1/../../../../arm-none-eabi/lib/thumb/v7e-m+dp/hard/libnosys.a
LOAD ./DaisySP/build/libdaisysp.a
LOAD /Library/DaisyToolchain/0.2.0/arm/bin/../lib/gcc/arm-none-eabi/10.3.1/../../../../arm-none-eabi/lib/thumb/v7e-m+dp/hard/libstdc++_nano.a
LOAD /Library/DaisyToolchain/0.2.0/arm/bin/../lib/gcc/arm-none-eabi/10.3.1/../../../../arm-none-eabi/lib/thumb/v7e-m+dp/hard/libm.a
LOAD /Library/DaisyToolchain/0.2.0/arm/bin/../lib/gcc/arm-none-eabi/10.3.1/../../../../arm-none-eabi/lib/thumb/v7e-m+dp/hard/libc_nano.a
START GROUP
LOAD /Library/DaisyToolchain/0.2.0/arm/bin/../lib/gcc/arm-none-eabi/10.3.1/thumb/v7e-m+dp/hard/libgcc.a
LOAD /Library/DaisyToolchain/0.2.0/arm/bin/../lib/gcc/arm-none-eabi/10.3.1/../../../../arm-none-eabi/lib/thumb/v7e-m+dp/hard/libc_nano.a
END GROUP
START GROUP
LOAD /Library/DaisyToolchain/0.2.0/arm/bin/../lib/gcc/arm-none-eabi/10.3.1/thumb/v7e-m+dp/hard/libgcc.a
LOAD /Library/DaisyToolchain/0.2.0/arm/bin/../lib/gcc/arm-none-eabi/10.3.1/../../../../arm-none-eabi/lib/thumb/v7e-m+dp/hard/libc_nano.a
LOAD /Library/DaisyToolchain/0.2.0/arm/bin/../lib/gcc/arm-none-eabi/10.3.1/../../../../arm-none-eabi/lib/thumb/v7e-m+dp/hard/libnosys.a
END GROUP
START GROUP
LOAD /Library/DaisyToolchain/0.2.0/arm/bin/../lib/gcc/arm-none-eabi/10.3.1/thumb/v7e-m+dp/hard/libgcc.a
LOAD /Library/DaisyToolchain/0.2.0/arm/bin/../lib/gcc/arm-none-eabi/10.3.1/../../../../arm-none-eabi/lib/thumb/v7e-m+dp/hard/libc_nano.a
LOAD /Library/DaisyToolchain/0.2.0/arm/bin/../lib/gcc/arm-none-eabi/10.3.1/../../../../arm-none-eabi/lib/thumb/v7e-m+dp/hard/libnosys.a
END GROUP
LOAD /Library/DaisyToolchain/0.2.0/arm/bin/../lib/gcc/arm-none-eabi/10.3.1/thumb/v7e-m+dp/hard/crtend.o
LOAD /Library/DaisyToolchain/0.2.0/arm/bin/../lib/gcc/arm-none-eabi/10.3.1/thumb/v7e-m+dp/hard/crtn.o
                0x0000000020020000                _estack = 0x20020000

.isr_vector     0x0000000008000000      0x298
                0x0000000008000000                . = ALIGN (0x4)
 *(.isr_vector)
 .isr_vector    0x0000000008000000      0x298 build/startup_stm32h750xx.o
                0x0000000008000000                g_pfnVectors
                0x0000000008000298                . = ALIGN (0x4)

.text           0x00000000080002a0    0x17d18
                0x00000000080002a0                . = ALIGN (0x4)
                0x00000000080002a0                _stext = .
 *(.text)
 .text          0x00000000080002a0       0x40 /Library/DaisyToolchain/0.2.0/arm/bin/../lib/gcc/arm-none-eabi/10.3.1/thumb/v7e-m+dp/hard/crtbegin.o
 .text          0x00000000080002e0       0xa0 /Library/DaisyToolchain/0.2.0/arm/bin/../lib/gcc/arm-none-eabi/10.3.1/../../../../arm-none-eabi/lib/thumb/v7e-m+dp/hard/libc_nano.a(lib_a-memchr.o)
                0x00000000080002e0                memchr
 .text          0x0000000008000380       0x10 /Library/DaisyToolchain/0.2.0/arm/bin/../lib/gcc/arm-none-eabi/10.3.1/../../../../arm-none-eabi/lib/thumb/v7e-m+dp/hard/libc_nano.a(lib_a-strlen.o)
                0x0000000008000380                strlen
 .text          0x0000000008000390      0x378 /Library/DaisyToolchain/0.2.0/arm/bin/../lib/gcc/arm-none-eabi/10.3.1/thumb/v7e-m+dp/hard/libgcc.a(_arm_addsubdf3.o)
                0x0000000008000390                __aeabi_drsub
                0x0000000008000398                __subdf3
                0x0000000008000398                __aeabi_dsub
                0x000000000800039c                __aeabi_dadd
                0x000000000800039c                __adddf3
                0x0000000008000614                __aeabi_ui2d
                0x0000000008000614                __floatunsidf
                0x0000000008000634                __floatsidf
                0x0000000008000634                __aeabi_i2d
                0x0000000008000658                __extendsfdf2
                0x0000000008000658                __aeabi_f2d
                0x000000000800069c                __aeabi_ul2d
                0x000000000800069c                __floatundidf
                0x00000000080006ac                __aeabi_l2d
                0x00000000080006ac                __floatdidf
 .text          0x0000000008000708       0x30 /Library/DaisyToolchain/0.2.0/arm/bin/../lib/gcc/arm-none-eabi/10.3.1/thumb/v7e-m+dp/hard/libgcc.a(_aeabi_uldivmod.o)
                0x0000000008000708                __aeabi_uldivmod
 .text          0x0000000008000738      0x2d0 /Library/DaisyToolchain/0.2.0/arm/bin/../lib/gcc/arm-none-eabi/10.3.1/thumb/v7e-m+dp/hard/libgcc.a(_udivmoddi4.o)
                0x0000000008000738                __udivmoddi4
 .text          0x0000000008000a08        0x4 /Library/DaisyToolchain/0.2.0/arm/bin/../lib/gcc/arm-none-eabi/10.3.1/thumb/v7e-m+dp/hard/libgcc.a(_dvmd_tls.o)
                0x0000000008000a08                __aeabi_ldiv0
                0x0000000008000a08                __aeabi_idiv0
 *(.text*)
 .text.Default_Handler
                0x0000000008000a0c        0x4 build/startup_stm32h750xx.o
                0x0000000008000a0c                SAI1_IRQHandler
                0x0000000008000a0c                HASH_RNG_IRQHandler
                0x0000000008000a0c                EXTI2_IRQHandler
                0x0000000008000a0c                TIM8_CC_IRQHandler
                0x0000000008000a0c                HRTIM1_Master_IRQHandler
                0x0000000008000a0c                DebugMon_Handler
                0x0000000008000a0c                TIM1_CC_IRQHandler
                0x0000000008000a0c                BDMA_Channel6_IRQHandler
                0x0000000008000a0c                DMA2_Stream5_IRQHandler
                0x0000000008000a0c                HRTIM1_FLT_IRQHandler
                0x0000000008000a0c                JPEG_IRQHandler
                0x0000000008000a0c                BDMA_Channel1_IRQHandler
                0x0000000008000a0c                HRTIM1_TIMD_IRQHandler
                0x0000000008000a0c                TAMP_STAMP_IRQHandler
                0x0000000008000a0c                PendSV_Handler
                0x0000000008000a0c                NMI_Handler
                0x0000000008000a0c                EXTI3_IRQHandler
                0x0000000008000a0c                LPTIM4_IRQHandler
                0x0000000008000a0c                TIM8_TRG_COM_TIM14_IRQHandler
                0x0000000008000a0c                LPTIM2_IRQHandler
                0x0000000008000a0c                DFSDM1_FLT1_IRQHandler
                0x0000000008000a0c                DMAMUX2_OVR_IRQHandler
                0x0000000008000a0c                TIM8_UP_TIM13_IRQHandler
                0x0000000008000a0c                I2C3_ER_IRQHandler
                0x0000000008000a0c                DFSDM1_FLT2_IRQHandler
                0x0000000008000a0c                MDMA_IRQHandler
                0x0000000008000a0c                LPTIM3_IRQHandler
                0x0000000008000a0c                HSEM1_IRQHandler
                0x0000000008000a0c                EXTI0_IRQHandler
                0x0000000008000a0c                DMA1_Stream2_IRQHandler
                0x0000000008000a0c                FPU_IRQHandler
                0x0000000008000a0c                OTG_HS_WKUP_IRQHandler
                0x0000000008000a0c                FDCAN1_IT1_IRQHandler
                0x0000000008000a0c                UsageFault_Handler
                0x0000000008000a0c                LTDC_ER_IRQHandler
                0x0000000008000a0c                HRTIM1_TIME_IRQHandler
                0x0000000008000a0c                TIM6_DAC_IRQHandler
                0x0000000008000a0c                DCMI_IRQHandler
                0x0000000008000a0c                HRTIM1_TIMC_IRQHandler
                0x0000000008000a0c                SAI2_IRQHandler
                0x0000000008000a0c                DFSDM1_FLT3_IRQHandler
                0x0000000008000a0c                TIM17_IRQHandler
                0x0000000008000a0c                CRYP_IRQHandler
                0x0000000008000a0c                BDMA_Channel7_IRQHandler
                0x0000000008000a0c                LPTIM5_IRQHandler
                0x0000000008000a0c                ADC3_IRQHandler
                0x0000000008000a0c                DMA2_Stream0_IRQHandler
                0x0000000008000a0c                BDMA_Channel2_IRQHandler
                0x0000000008000a0c                DMAMUX1_OVR_IRQHandler
                0x0000000008000a0c                TIM16_IRQHandler
                0x0000000008000a0c                BDMA_Channel5_IRQHandler
                0x0000000008000a0c                RCC_IRQHandler
                0x0000000008000a0c                TIM8_BRK_TIM12_IRQHandler
                0x0000000008000a0c                TIM1_TRG_COM_IRQHandler
                0x0000000008000a0c                Default_Handler
                0x0000000008000a0c                ECC_IRQHandler
                0x0000000008000a0c                CEC_IRQHandler
                0x0000000008000a0c                EXTI15_10_IRQHandler
                0x0000000008000a0c                BDMA_Channel0_IRQHandler
                0x0000000008000a0c                ADC_IRQHandler
                0x0000000008000a0c                DMA1_Stream7_IRQHandler
                0x0000000008000a0c                HRTIM1_TIMA_IRQHandler
                0x0000000008000a0c                TIM7_IRQHandler
                0x0000000008000a0c                SDMMC1_IRQHandler
                0x0000000008000a0c                DMA2_Stream7_IRQHandler
                0x0000000008000a0c                TIM15_IRQHandler
                0x0000000008000a0c                PVD_AVD_IRQHandler
                0x0000000008000a0c                EXTI9_5_IRQHandler
                0x0000000008000a0c                RTC_WKUP_IRQHandler
                0x0000000008000a0c                LTDC_IRQHandler
                0x0000000008000a0c                SAI3_IRQHandler
                0x0000000008000a0c                ETH_WKUP_IRQHandler
                0x0000000008000a0c                SPDIF_RX_IRQHandler
                0x0000000008000a0c                MemManage_Handler
                0x0000000008000a0c                SVC_Handler
                0x0000000008000a0c                CRS_IRQHandler
                0x0000000008000a0c                EXTI4_IRQHandler
                0x0000000008000a0c                HRTIM1_TIMB_IRQHandler
                0x0000000008000a0c                FDCAN2_IT1_IRQHandler
                0x0000000008000a0c                ETH_IRQHandler
                0x0000000008000a0c                TIM1_UP_IRQHandler
                0x0000000008000a0c                BDMA_Channel4_IRQHandler
                0x0000000008000a0c                WWDG_IRQHandler
                0x0000000008000a0c                SPI6_IRQHandler
                0x0000000008000a0c                I2C4_EV_IRQHandler
                0x0000000008000a0c                MDIOS_IRQHandler
                0x0000000008000a0c                FDCAN2_IT0_IRQHandler
                0x0000000008000a0c                FDCAN1_IT0_IRQHandler
                0x0000000008000a0c                OTG_FS_WKUP_IRQHandler
                0x0000000008000a0c                DMA2D_IRQHandler
                0x0000000008000a0c                TIM1_BRK_IRQHandler
                0x0000000008000a0c                EXTI1_IRQHandler
                0x0000000008000a0c                SDMMC2_IRQHandler
                0x0000000008000a0c                BDMA_Channel3_IRQHandler
                0x0000000008000a0c                MDIOS_WKUP_IRQHandler
                0x0000000008000a0c                DFSDM1_FLT0_IRQHandler
                0x0000000008000a0c                SAI4_IRQHandler
                0x0000000008000a0c                I2C2_ER_IRQHandler
                0x0000000008000a0c                DMA2_Stream1_IRQHandler
                0x0000000008000a0c                FLASH_IRQHandler
                0x0000000008000a0c                BusFault_Handler
                0x0000000008000a0c                WAKEUP_PIN_IRQHandler
                0x0000000008000a0c                I2C1_ER_IRQHandler
                0x0000000008000a0c                FMC_IRQHandler
                0x0000000008000a0c                FDCAN_CAL_IRQHandler
                0x0000000008000a0c                SWPMI1_IRQHandler
                0x0000000008000a0c                COMP1_IRQHandler
                0x0000000008000a0c                LPTIM1_IRQHandler
                0x0000000008000a0c                I2C4_ER_IRQHandler
                0x0000000008000a0c                DMA2_Stream6_IRQHandler
                0x0000000008000a0c                RTC_Alarm_IRQHandler
 .text.Reset_Handler
                0x0000000008000a10       0x44 build/startup_stm32h750xx.o
                0x0000000008000a10                Reset_Handler
 .text._ZN5daisy7EncoderD2Ev
                0x0000000008000a54        0x4 build/TestTFT.o
                0x0000000008000a54                daisy::Encoder::~Encoder()
                0x0000000008000a54                daisy::Encoder::~Encoder()
 .text._ZN5daisy9DaisySeedD2Ev
                0x0000000008000a58        0x4 build/TestTFT.o
                0x0000000008000a58                daisy::DaisySeed::~DaisySeed()
                0x0000000008000a58                daisy::DaisySeed::~DaisySeed()
 .text._Z13AudioCallbackPKPKfPPfj
                0x0000000008000a5c       0x60 build/TestTFT.o
                0x0000000008000a5c                AudioCallback(float const* const*, float**, unsigned int)
 .text._ZN7SpiritsD2Ev
                0x0000000008000abc       0x14 build/TestTFT.o
                0x0000000008000abc                Spirits::~Spirits()
                0x0000000008000abc                Spirits::~Spirits()
 .text._Z12InitHardwarev
                0x0000000008000ad0       0xf4 build/TestTFT.o
                0x0000000008000ad0                InitHardware()
 .text._Z10UpdateMenuv
                0x0000000008000bc4      0x13c build/TestTFT.o
                0x0000000008000bc4                UpdateMenu()
 .text.startup.main
                0x0000000008000d00      0x330 build/TestTFT.o
                0x0000000008000d00                main
 .text._ZN7SpiritsD0Ev
                0x0000000008001030       0x20 build/TestTFT.o
                0x0000000008001030                Spirits::~Spirits()
 .text.startup._GLOBAL__sub_I_spirits
                0x0000000008001050      0x10c build/TestTFT.o
 .text._ZN7TFT_SPI17ST7789_InitialiseEv
                0x000000000800115c      0x8d8 build/TFT_SPI.o
                0x000000000800115c                TFT_SPI::ST7789_Initialise()
 .text._ZN7TFT_SPI12Init_TFT_SPIEv
                0x0000000008001a34       0xa4 build/TFT_SPI.o
                0x0000000008001a34                TFT_SPI::Init_TFT_SPI()
 .text._ZN7TFT_SPI14setTFTRotationE8Rotation
                0x0000000008001ad8       0x6c build/TFT_SPI.o
                0x0000000008001ad8                TFT_SPI::setTFTRotation(Rotation)
 .text._ZN10cRBG_Frame16sendRASETDMADataEPvN5daisy9SpiHandle6ResultE
                0x0000000008001b44       0x38 build/Frame.o
                0x0000000008001b44                cRBG_Frame::sendRASETDMAData(void*, daisy::SpiHandle::Result)
 .text._ZN10cRBG_Frame6endDMAEPvN5daisy9SpiHandle6ResultE
                0x0000000008001b7c       0x60 build/Frame.o
                0x0000000008001b7c                cRBG_Frame::endDMA(void*, daisy::SpiHandle::Result)
 .text._ZN10cRBG_Frame16sendRAWWRDMADataEPvN5daisy9SpiHandle6ResultE
                0x0000000008001bdc       0x40 build/Frame.o
                0x0000000008001bdc                cRBG_Frame::sendRAWWRDMAData(void*, daisy::SpiHandle::Result)
 .text._ZN10cRBG_Frame16sendCASETDMADataEPvN5daisy9SpiHandle6ResultE
                0x0000000008001c1c       0x38 build/Frame.o
                0x0000000008001c1c                cRBG_Frame::sendCASETDMAData(void*, daisy::SpiHandle::Result)
 .text._ZN10cRBG_Frame15sendRAWWRDMACmdEPvN5daisy9SpiHandle6ResultE
                0x0000000008001c54       0x3c build/Frame.o
                0x0000000008001c54                cRBG_Frame::sendRAWWRDMACmd(void*, daisy::SpiHandle::Result)
 .text._ZN10cRBG_Frame15sendRASETDMACmdEPvN5daisy9SpiHandle6ResultE
                0x0000000008001c90       0x38 build/Frame.o
                0x0000000008001c90                cRBG_Frame::sendRASETDMACmd(void*, daisy::SpiHandle::Result)
 .text._ZN9Cmd_RAMWR7setDataEttttP10cRBG_Frame
                0x0000000008001cc8       0xb8 build/Frame.o
                0x0000000008001cc8                Cmd_RAMWR::setData(unsigned short, unsigned short, unsigned short, unsigned short, cRBG_Frame*)
 .text._ZN10cRBG_Frame7AddBlocEtt.part.0
                0x0000000008001d80       0xac build/Frame.o
 .text._ZN10cRBG_Frame10FlushFrameEv
                0x0000000008001e2c       0xcc build/Frame.o
                0x0000000008001e2c                cRBG_Frame::FlushFrame()
 .text._ZN10cRBG_Frame9InitBlocsEv
                0x0000000008001ef8       0x9c build/Frame.o
                0x0000000008001ef8                cRBG_Frame::InitBlocs()
 .text._ZN10cRBG_Frame8setFrameEP3RGBP9FIFO_Datatt
                0x0000000008001f94       0x58 build/Frame.o
                0x0000000008001f94                cRBG_Frame::setFrame(RGB*, FIFO_Data*, unsigned short, unsigned short)
 .text._ZN10cRBG_Frame16setFrameRotationE8Rotation
                0x0000000008001fec       0x6c build/Frame.o
                0x0000000008001fec                cRBG_Frame::setFrameRotation(Rotation)
 .text._ZN5cFontC2EPK7GFXfont
                0x0000000008002058       0x54 build/GFX.o
                0x0000000008002058                cFont::cFont(GFXfont const*)
                0x0000000008002058                cFont::cFont(GFXfont const*)
 .text._ZN4cGFX12drawFillRectEttss6cColor
                0x00000000080020ac       0xc0 build/GFX.o
                0x00000000080020ac                cGFX::drawFillRect(unsigned short, unsigned short, short, short, cColor)
 .text._ZN4cGFX8drawLineEtttt6cColor
                0x000000000800216c      0x25c build/GFX.o
                0x000000000800216c                cGFX::drawLine(unsigned short, unsigned short, unsigned short, unsigned short, cColor)
 .text._ZN4cGFX8drawRectEttss6cColor
                0x00000000080023c8       0x78 build/GFX.o
                0x00000000080023c8                cGFX::drawRect(unsigned short, unsigned short, short, short, cColor)
 .text._ZN4cGFX8drawCharEcb
                0x0000000008002440      0x144 build/GFX.o
                0x0000000008002440                cGFX::drawChar(char, bool)
 .text._ZN4cGFX13drawTransTextEPKcb
                0x0000000008002584       0x1c build/GFX.o
                0x0000000008002584                cGFX::drawTransText(char const*, bool)
 .text._ZN5daisy6SwitchD2Ev
                0x00000000080025a0        0x4 build/Buttons.o
                0x00000000080025a0                daisy::Switch::~Switch()
                0x00000000080025a0                daisy::Switch::~Switch()
 .text._Z11InitButtonsv
                0x00000000080025a4      0x15c build/Buttons.o
                0x00000000080025a4                InitButtons()
 .text._Z13UpdateButtonsv
                0x0000000008002700       0x6c build/Buttons.o
                0x0000000008002700                UpdateButtons()
 .text.startup._GLOBAL__sub_I_button1
                0x000000000800276c       0xa0 build/Buttons.o
 .text._ZNSt5stackI9MenuStateSt5dequeIS0_SaIS0_EEED2Ev
                0x000000000800280c       0x30 build/Menu.o
                0x000000000800280c                std::stack<MenuState, std::deque<MenuState, std::allocator<MenuState> > >::~stack()
                0x000000000800280c                std::stack<MenuState, std::deque<MenuState, std::allocator<MenuState> > >::~stack()
 .text._Z15DisplayMainMenuv
                0x000000000800283c       0xb4 build/Menu.o
                0x000000000800283c                DisplayMainMenu()
 .text._Z12DrawKeyboardv
                0x00000000080028f0      0x1ac build/Menu.o
                0x00000000080028f0                DrawKeyboard()
 .text._Z21DisplayChordSelectionv
                0x0000000008002a9c       0xb8 build/Menu.o
                0x0000000008002a9c                DisplayChordSelection()
 .text._Z8InitMenuv
                0x0000000008002b54       0x8c build/Menu.o
                0x0000000008002b54                InitMenu()
 .text._Z18DisplaySoundDesignv
                0x0000000008002be0       0xbc build/Menu.o
                0x0000000008002be0                DisplaySoundDesign()
 .text._Z26DisplayPerformanceSettingsv
                0x0000000008002c9c       0xcc build/Menu.o
                0x0000000008002c9c                DisplayPerformanceSettings()
 .text._Z21DisplayGlobalSettingsv
                0x0000000008002d68       0xe0 build/Menu.o
                0x0000000008002d68                DisplayGlobalSettings()
 .text._Z14DisplayVisualsv
                0x0000000008002e48       0x64 build/Menu.o
                0x0000000008002e48                DisplayVisuals()
 .text._Z11DisplayMenuv
                0x0000000008002eac       0xbc build/Menu.o
                0x0000000008002eac                DisplayMenu()
 .text._Z19HandleMenuSelectionb
                0x0000000008002f68      0x1e4 build/Menu.o
                0x0000000008002f68                HandleMenuSelection(bool)
 .text._Z16HandleBackButtonv
                0x000000000800314c       0xb8 build/Menu.o
                0x000000000800314c                HandleBackButton()
 .text.startup._GLOBAL__sub_I_currentOption
                0x0000000008003204       0x6c build/Menu.o
 .text._ZN7Spirits7ProcessEv
                0x0000000008003270       0xa4 build/Spirits.o
                0x0000000008003270                Spirits::Process()
 .text._ZN7SpiritsC2Ev
                0x0000000008003314       0x20 build/Spirits.o
                0x0000000008003314                Spirits::Spirits()
                0x0000000008003314                Spirits::Spirits()
 .text._ZN7Spirits7TriggerEi
                0x0000000008003334       0x2c build/Spirits.o
                0x0000000008003334                Spirits::Trigger(int)
 .text._ZN7Spirits4InitEf
                0x0000000008003360      0x118 build/Spirits.o
                0x0000000008003360                Spirits::Init(float)
 .text._ZN5Sound4InitEf
                0x0000000008003478        0x8 build/Sound.o
                0x0000000008003478                Sound::Init(float)
 .text._ZN5SoundC2Ev
                0x0000000008003480       0x44 build/Sound.o
                0x0000000008003480                Sound::Sound()
                0x0000000008003480                Sound::Sound()
 .text._ZN5SoundD2Ev
                0x00000000080034c4        0x4 build/Sound.o
                0x00000000080034c4                Sound::~Sound()
                0x00000000080034c4                Sound::~Sound()
 .text.startup._ZNSt7__cxx1112basic_stringIcSt11char_traitsIcESaIcEEC2EPKcRKS3_.isra.0
                0x00000000080034c8       0x58 build/ChordLibrary.o
 .text._ZNSt13unordered_mapINSt7__cxx1112basic_stringIcSt11char_traitsIcESaIcEEERK15ChordDefinitionSt4hashIS5_ESt8equal_toIS5_ESaISt4pairIKS5_S8_EEED2Ev
                0x0000000008003520       0x54 build/ChordLibrary.o
                0x0000000008003520                std::unordered_map<std::__cxx11::basic_string<char, std::char_traits<char>, std::allocator<char> >, ChordDefinition const&, std::hash<std::__cxx11::basic_string<char, std::char_traits<char>, std::allocator<char> > >, std::equal_to<std::__cxx11::basic_string<char, std::char_traits<char>, std::allocator<char> > >, std::allocator<std::pair<std::__cxx11::basic_string<char, std::char_traits<char>, std::allocator<char> > const, ChordDefinition const&> > >::~unordered_map()
                0x0000000008003520                std::unordered_map<std::__cxx11::basic_string<char, std::char_traits<char>, std::allocator<char> >, ChordDefinition const&, std::hash<std::__cxx11::basic_string<char, std::char_traits<char>, std::allocator<char> > >, std::equal_to<std::__cxx11::basic_string<char, std::char_traits<char>, std::allocator<char> > >, std::allocator<std::pair<std::__cxx11::basic_string<char, std::char_traits<char>, std::allocator<char> > const, ChordDefinition const&> > >::~unordered_map()
 .text._ZN15ChordDefinitionD2Ev
                0x0000000008003574       0x1c build/ChordLibrary.o
                0x0000000008003574                ChordDefinition::~ChordDefinition()
                0x0000000008003574                ChordDefinition::~ChordDefinition()
 .text._ZNKSt10_HashtableINSt7__cxx1112basic_stringIcSt11char_traitsIcESaIcEEESt4pairIKS5_RK15ChordDefinitionESaISB_ENSt8__detail10_Select1stESt8equal_toIS5_ESt4hashIS5_ENSD_18_Mod_range_hashingENSD_20_Default_ranged_hashENSD_20_Prime_rehash_policyENSD_17_Hashtable_traitsILb1ELb0ELb1EEEE19_M_find_before_nodeEjRS7_j
                0x0000000008003590       0x68 build/ChordLibrary.o
                0x0000000008003590                std::_Hashtable<std::__cxx11::basic_string<char, std::char_traits<char>, std::allocator<char> >, std::pair<std::__cxx11::basic_string<char, std::char_traits<char>, std::allocator<char> > const, ChordDefinition const&>, std::allocator<std::pair<std::__cxx11::basic_string<char, std::char_traits<char>, std::allocator<char> > const, ChordDefinition const&> >, std::__detail::_Select1st, std::equal_to<std::__cxx11::basic_string<char, std::char_traits<char>, std::allocator<char> > >, std::hash<std::__cxx11::basic_string<char, std::char_traits<char>, std::allocator<char> > >, std::__detail::_Mod_range_hashing, std::__detail::_Default_ranged_hash, std::__detail::_Prime_rehash_policy, std::__detail::_Hashtable_traits<true, false, true> >::_M_find_before_node(unsigned int, std::__cxx11::basic_string<char, std::char_traits<char>, std::allocator<char> > const&, unsigned int) const
 .text._ZNSt10_HashtableINSt7__cxx1112basic_stringIcSt11char_traitsIcESaIcEEESt4pairIKS5_RK15ChordDefinitionESaISB_ENSt8__detail10_Select1stESt8equal_toIS5_ESt4hashIS5_ENSD_18_Mod_range_hashingENSD_20_Default_ranged_hashENSD_20_Prime_rehash_policyENSD_17_Hashtable_traitsILb1ELb0ELb1EEEEC2IPKSB_EET_SS_jRKSI_RKSJ_RKSK_RKSG_RKSE_RKSC_
                0x00000000080035f8      0x278 build/ChordLibrary.o
                0x00000000080035f8                std::_Hashtable<std::__cxx11::basic_string<char, std::char_traits<char>, std::allocator<char> >, std::pair<std::__cxx11::basic_string<char, std::char_traits<char>, std::allocator<char> > const, ChordDefinition const&>, std::allocator<std::pair<std::__cxx11::basic_string<char, std::char_traits<char>, std::allocator<char> > const, ChordDefinition const&> >, std::__detail::_Select1st, std::equal_to<std::__cxx11::basic_string<char, std::char_traits<char>, std::allocator<char> > >, std::hash<std::__cxx11::basic_string<char, std::char_traits<char>, std::allocator<char> > >, std::__detail::_Mod_range_hashing, std::__detail::_Default_ranged_hash, std::__detail::_Prime_rehash_policy, std::__detail::_Hashtable_traits<true, false, true> >::_Hashtable<std::pair<std::__cxx11::basic_string<char, std::char_traits<char>, std::allocator<char> > const, ChordDefinition const&> const*>(std::pair<std::__cxx11::basic_string<char, std::char_traits<char>, std::allocator<char> > const, ChordDefinition const&> const*, std::pair<std::__cxx11::basic_string<char, std::char_traits<char>, std::allocator<char> > const, ChordDefinition const&> const*, unsigned int, std::hash<std::__cxx11::basic_string<char, std::char_traits<char>, std::allocator<char> > > const&, std::__detail::_Mod_range_hashing const&, std::__detail::_Default_ranged_hash const&, std::equal_to<std::__cxx11::basic_string<char, std::char_traits<char>, std::allocator<char> > > const&, std::__detail::_Select1st const&, std::allocator<std::pair<std::__cxx11::basic_string<char, std::char_traits<char>, std::allocator<char> > const, ChordDefinition const&> > const&)
                0x00000000080035f8                std::_Hashtable<std::__cxx11::basic_string<char, std::char_traits<char>, std::allocator<char> >, std::pair<std::__cxx11::basic_string<char, std::char_traits<char>, std::allocator<char> > const, ChordDefinition const&>, std::allocator<std::pair<std::__cxx11::basic_string<char, std::char_traits<char>, std::allocator<char> > const, ChordDefinition const&> >, std::__detail::_Select1st, std::equal_to<std::__cxx11::basic_string<char, std::char_traits<char>, std::allocator<char> > >, std::hash<std::__cxx11::basic_string<char, std::char_traits<char>, std::allocator<char> > >, std::__detail::_Mod_range_hashing, std::__detail::_Default_ranged_hash, std::__detail::_Prime_rehash_policy, std::__detail::_Hashtable_traits<true, false, true> >::_Hashtable<std::pair<std::__cxx11::basic_string<char, std::char_traits<char>, std::allocator<char> > const, ChordDefinition const&> const*>(std::pair<std::__cxx11::basic_string<char, std::char_traits<char>, std::allocator<char> > const, ChordDefinition const&> const*, std::pair<std::__cxx11::basic_string<char, std::char_traits<char>, std::allocator<char> > const, ChordDefinition const&> const*, unsigned int, std::hash<std::__cxx11::basic_string<char, std::char_traits<char>, std::allocator<char> > > const&, std::__detail::_Mod_range_hashing const&, std::__detail::_Default_ranged_hash const&, std::equal_to<std::__cxx11::basic_string<char, std::char_traits<char>, std::allocator<char> > > const&, std::__detail::_Select1st const&, std::allocator<std::pair<std::__cxx11::basic_string<char, std::char_traits<char>, std::allocator<char> > const, ChordDefinition const&> > const&)
 .text.startup._GLOBAL__sub_I__ZN12ChordLibrary6CMajorE
                0x0000000008003870       0xe4 build/ChordLibrary.o
 .text._ZN5daisy9DaisySeed9ConfigureEv
                0x0000000008003954        0x4 ./libDaisy/build/libdaisy.a(daisy_seed.o)
                0x0000000008003954                daisy::DaisySeed::Configure()
 .text._ZN5daisy9DaisySeed6GetPinEh
                0x0000000008003958       0x2c ./libDaisy/build/libdaisy.a(daisy_seed.o)
                0x0000000008003958                daisy::DaisySeed::GetPin(unsigned char)
 .text._ZN5daisy9DaisySeed10StartAudioEPFvPKPKfPPfjE
                0x0000000008003984        0x8 ./libDaisy/build/libdaisy.a(daisy_seed.o)
                0x0000000008003984                daisy::DaisySeed::StartAudio(void (*)(float const* const*, float**, unsigned int))
 .text._ZN5daisy9DaisySeed18SetAudioSampleRateENS_9SaiHandle6Config10SampleRateE
                0x000000000800398c       0x38 ./libDaisy/build/libdaisy.a(daisy_seed.o)
                0x000000000800398c                daisy::DaisySeed::SetAudioSampleRate(daisy::SaiHandle::Config::SampleRate)
 .text._ZN5daisy9DaisySeed15AudioSampleRateEv
                0x00000000080039c4        0x8 ./libDaisy/build/libdaisy.a(daisy_seed.o)
                0x00000000080039c4                daisy::DaisySeed::AudioSampleRate()
 .text._ZN5daisy9DaisySeed17SetAudioBlockSizeEj
                0x00000000080039cc       0x38 ./libDaisy/build/libdaisy.a(daisy_seed.o)
                0x00000000080039cc                daisy::DaisySeed::SetAudioBlockSize(unsigned int)
 .text._ZN5daisy9DaisySeed17CheckBoardVersionEv
                0x0000000008003a04       0x6c ./libDaisy/build/libdaisy.a(daisy_seed.o)
                0x0000000008003a04                daisy::DaisySeed::CheckBoardVersion()
 .text._ZN5daisy9DaisySeed14ConfigureAudioEv
                0x0000000008003a70      0x10c ./libDaisy/build/libdaisy.a(daisy_seed.o)
                0x0000000008003a70                daisy::DaisySeed::ConfigureAudio()
 .text._ZN5daisy9DaisySeed4InitEb
                0x0000000008003b7c      0x108 ./libDaisy/build/libdaisy.a(daisy_seed.o)
                0x0000000008003b7c                daisy::DaisySeed::Init(bool)
 .text._ZN5daisy6Ak45564InitE12dsy_gpio_pin
                0x0000000008003c84       0x44 ./libDaisy/build/libdaisy.a(codec_ak4556.o)
                0x0000000008003c84                daisy::Ak4556::Init(dsy_gpio_pin)
 .text._ZN5daisy6Wm873120WriteControlRegisterEht
                0x0000000008003cc8       0x3c ./libDaisy/build/libdaisy.a(codec_wm8731.o)
                0x0000000008003cc8                daisy::Wm8731::WriteControlRegister(unsigned char, unsigned short)
 .text._ZN5daisy6Wm87314InitERKNS0_6ConfigENS_9I2CHandleE
                0x0000000008003d04      0x1bc ./libDaisy/build/libdaisy.a(codec_wm8731.o)
                0x0000000008003d04                daisy::Wm8731::Init(daisy::Wm8731::Config const&, daisy::I2CHandle)
 .text._ZN11SdramHandle10DeviceInitEv
                0x0000000008003ec0       0x98 ./libDaisy/build/libdaisy.a(sdram.o)
                0x0000000008003ec0                SdramHandle::DeviceInit()
 .text._ZN11SdramHandle4InitEv
                0x0000000008003f58       0x7c ./libDaisy/build/libdaisy.a(sdram.o)
                0x0000000008003f58                SdramHandle::Init()
 .text.HAL_SDRAM_MspInit
                0x0000000008003fd4      0x1a8 ./libDaisy/build/libdaisy.a(sdram.o)
                0x0000000008003fd4                HAL_SDRAM_MspInit
 .text._ZN5daisy11AudioHandle4Impl16InternalCallbackEPlS2_j
                0x000000000800417c      0xbbc ./libDaisy/build/libdaisy.a(audio.o)
                0x000000000800417c                daisy::AudioHandle::Impl::InternalCallback(long*, long*, unsigned int)
 .text._ZN5daisy11AudioHandle4InitERKNS0_6ConfigENS_9SaiHandleE
                0x0000000008004d38       0x70 ./libDaisy/build/libdaisy.a(audio.o)
                0x0000000008004d38                daisy::AudioHandle::Init(daisy::AudioHandle::Config const&, daisy::SaiHandle)
 .text._ZNK5daisy11AudioHandle9GetConfigEv
                0x0000000008004da8        0x8 ./libDaisy/build/libdaisy.a(audio.o)
                0x0000000008004da8                daisy::AudioHandle::GetConfig() const
 .text._ZN5daisy11AudioHandle12SetBlockSizeEj
                0x0000000008004db0       0x1c ./libDaisy/build/libdaisy.a(audio.o)
                0x0000000008004db0                daisy::AudioHandle::SetBlockSize(unsigned int)
 .text._ZN5daisy11AudioHandle13GetSampleRateEv
                0x0000000008004dcc        0x8 ./libDaisy/build/libdaisy.a(audio.o)
                0x0000000008004dcc                daisy::AudioHandle::GetSampleRate()
 .text._ZN5daisy11AudioHandle13SetSampleRateENS_9SaiHandle6Config10SampleRateE
                0x0000000008004dd4       0x88 ./libDaisy/build/libdaisy.a(audio.o)
                0x0000000008004dd4                daisy::AudioHandle::SetSampleRate(daisy::SaiHandle::Config::SampleRate)
 .text._ZN5daisy11AudioHandle5StartEPFvPKPKfPPfjE
                0x0000000008004e5c       0x44 ./libDaisy/build/libdaisy.a(audio.o)
                0x0000000008004e5c                daisy::AudioHandle::Start(void (*)(float const* const*, float**, unsigned int))
 .text.startup._GLOBAL__sub_I__ZN5daisy11AudioHandle4Impl4InitENS0_6ConfigENS_9SaiHandleE
                0x0000000008004ea0       0x24 ./libDaisy/build/libdaisy.a(audio.o)
 .text._ZN5daisy7Encoder4InitE12dsy_gpio_pinS1_S1_f
                0x0000000008004ec4       0x60 ./libDaisy/build/libdaisy.a(encoder.o)
                0x0000000008004ec4                daisy::Encoder::Init(dsy_gpio_pin, dsy_gpio_pin, dsy_gpio_pin, float)
 .text._ZN5daisy7Encoder8DebounceEv
                0x0000000008004f24       0x7c ./libDaisy/build/libdaisy.a(encoder.o)
                0x0000000008004f24                daisy::Encoder::Debounce()
 .text._ZN5daisy9UsbHandleD2Ev
                0x0000000008004fa0        0x4 ./libDaisy/build/libdaisy.a(logger.o)
                0x0000000008004fa0                daisy::UsbHandle::~UsbHandle()
                0x0000000008004fa0                daisy::UsbHandle::~UsbHandle()
 .text._ZN5daisy6LoggerILNS_17LoggerDestinationE1EE11TransmitBufEv
                0x0000000008004fa4       0x60 ./libDaisy/build/libdaisy.a(logger.o)
                0x0000000008004fa4                daisy::Logger<(daisy::LoggerDestination)1>::TransmitBuf()
 .text._ZN5daisy6LoggerILNS_17LoggerDestinationE1EE13AppendNewLineEv
                0x0000000008005004       0x60 ./libDaisy/build/libdaisy.a(logger.o)
                0x0000000008005004                daisy::Logger<(daisy::LoggerDestination)1>::AppendNewLine()
 .text._ZN5daisy6LoggerILNS_17LoggerDestinationE1EE10PrintLineVEPKcSt9__va_list
                0x0000000008005064       0x30 ./libDaisy/build/libdaisy.a(logger.o)
                0x0000000008005064                daisy::Logger<(daisy::LoggerDestination)1>::PrintLineV(char const*, std::__va_list)
 .text._ZN5daisy6LoggerILNS_17LoggerDestinationE1EE9PrintLineEPKcz
                0x0000000008005094       0x1c ./libDaisy/build/libdaisy.a(logger.o)
                0x0000000008005094                daisy::Logger<(daisy::LoggerDestination)1>::PrintLine(char const*, ...)
 .text.startup._GLOBAL__sub_I__ZN5daisy10LoggerImplILNS_17LoggerDestinationE1EE11usb_handle_E
                0x00000000080050b0       0x2c ./libDaisy/build/libdaisy.a(logger.o)
 .text._ZN5daisy6Switch4InitE12dsy_gpio_pinfNS0_4TypeENS0_8PolarityENS0_4PullE
                0x00000000080050dc       0x6c ./libDaisy/build/libdaisy.a(switch.o)
                0x00000000080050dc                daisy::Switch::Init(dsy_gpio_pin, float, daisy::Switch::Type, daisy::Switch::Polarity, daisy::Switch::Pull)
 .text._ZN5daisy6Switch4InitE12dsy_gpio_pinf
                0x0000000008005148       0x34 ./libDaisy/build/libdaisy.a(switch.o)
                0x0000000008005148                daisy::Switch::Init(dsy_gpio_pin, float)
 .text._ZN5daisy6Switch8DebounceEv
                0x000000000800517c       0x5c ./libDaisy/build/libdaisy.a(switch.o)
                0x000000000800517c                daisy::Switch::Debounce()
 .text.DummyRxCallback
                0x00000000080051d8        0x4 ./libDaisy/build/libdaisy.a(usb.o)
                0x00000000080051d8                DummyRxCallback
 .text._ZN5daisy9UsbHandle4InitENS0_9UsbPeriphE
                0x00000000080051dc      0x10c ./libDaisy/build/libdaisy.a(usb.o)
                0x00000000080051dc                daisy::UsbHandle::Init(daisy::UsbHandle::UsbPeriph)
 .text._ZN5daisy9UsbHandle16TransmitInternalEPhj
                0x00000000080052e8       0x14 ./libDaisy/build/libdaisy.a(usb.o)
                0x00000000080052e8                daisy::UsbHandle::TransmitInternal(unsigned char*, unsigned int)
 .text.OTG_FS_EP1_OUT_IRQHandler
                0x00000000080052fc        0xc ./libDaisy/build/libdaisy.a(usb.o)
                0x00000000080052fc                OTG_FS_EP1_OUT_IRQHandler
 .text.OTG_FS_EP1_IN_IRQHandler
                0x0000000008005308        0xc ./libDaisy/build/libdaisy.a(usb.o)
                0x0000000008005308                OTG_FS_EP1_IN_IRQHandler
 .text.OTG_FS_IRQHandler
                0x0000000008005314        0xc ./libDaisy/build/libdaisy.a(usb.o)
                0x0000000008005314                OTG_FS_IRQHandler
 .text._ZN5daisy4GPIO4InitENS_3PinENS0_4ModeENS0_4PullENS0_5SpeedE
                0x0000000008005320      0x1cc ./libDaisy/build/libdaisy.a(gpio.o)
                0x0000000008005320                daisy::GPIO::Init(daisy::Pin, daisy::GPIO::Mode, daisy::GPIO::Pull, daisy::GPIO::Speed)
 .text._ZN5daisy4GPIO4ReadEv
                0x00000000080054ec       0x18 ./libDaisy/build/libdaisy.a(gpio.o)
                0x00000000080054ec                daisy::GPIO::Read()
 .text._ZN5daisy4GPIO5WriteEb
                0x0000000008005504       0x14 ./libDaisy/build/libdaisy.a(gpio.o)
                0x0000000008005504                daisy::GPIO::Write(bool)
 .text.dsy_gpio_init
                0x0000000008005518      0x1b8 ./libDaisy/build/libdaisy.a(gpio.o)
                0x0000000008005518                dsy_gpio_init
 .text.dsy_gpio_read
                0x00000000080056d0       0x1c ./libDaisy/build/libdaisy.a(gpio.o)
                0x00000000080056d0                dsy_gpio_read
 .text.dsy_gpio_write
                0x00000000080056ec       0x24 ./libDaisy/build/libdaisy.a(gpio.o)
                0x00000000080056ec                dsy_gpio_write
 .text._ZN5daisy9I2CHandle4Impl8InitPinsEv
                0x0000000008005710       0x58 ./libDaisy/build/libdaisy.a(i2c.o)
                0x0000000008005710                daisy::I2CHandle::Impl::InitPins()
 .text.HAL_I2C_MspInit
                0x0000000008005768      0x1b4 ./libDaisy/build/libdaisy.a(i2c.o)
                0x0000000008005768                HAL_I2C_MspInit
 .text.dsy_i2c_global_init
                0x000000000800591c       0x78 ./libDaisy/build/libdaisy.a(i2c.o)
                0x000000000800591c                dsy_i2c_global_init
 .text.DMA1_Stream6_IRQHandler
                0x0000000008005994       0x34 ./libDaisy/build/libdaisy.a(i2c.o)
                0x0000000008005994                DMA1_Stream6_IRQHandler
 .text.I2C1_EV_IRQHandler
                0x00000000080059c8        0xc ./libDaisy/build/libdaisy.a(i2c.o)
                0x00000000080059c8                I2C1_EV_IRQHandler
 .text.I2C2_EV_IRQHandler
                0x00000000080059d4        0xc ./libDaisy/build/libdaisy.a(i2c.o)
                0x00000000080059d4                I2C2_EV_IRQHandler
 .text.I2C3_EV_IRQHandler
                0x00000000080059e0        0xc ./libDaisy/build/libdaisy.a(i2c.o)
                0x00000000080059e0                I2C3_EV_IRQHandler
 .text._ZN5daisy9I2CHandle4InitERKNS0_6ConfigE
                0x00000000080059ec      0x12c ./libDaisy/build/libdaisy.a(i2c.o)
                0x00000000080059ec                daisy::I2CHandle::Init(daisy::I2CHandle::Config const&)
 .text._ZN5daisy9I2CHandle16TransmitBlockingEtPhtm
                0x0000000008005b18       0x50 ./libDaisy/build/libdaisy.a(i2c.o)
                0x0000000008005b18                daisy::I2CHandle::TransmitBlocking(unsigned short, unsigned char*, unsigned short, unsigned long)
 .text.startup._GLOBAL__sub_I__ZN5daisy9I2CHandle4Impl10GlobalInitEv
                0x0000000008005b68       0x18 ./libDaisy/build/libdaisy.a(i2c.o)
 .text._ZN5daisy10QSPIHandle4Impl11WriteEnableEv
                0x0000000008005b80       0x8c ./libDaisy/build/libdaisy.a(qspi.o)
                0x0000000008005b80                daisy::QSPIHandle::Impl::WriteEnable()
 *fill*         0x0000000008005c0c        0x4 
 .text._ZN5daisy10QSPIHandle4Impl17DummyCyclesConfigENS0_6Config6DeviceE
                0x0000000008005c10      0x118 ./libDaisy/build/libdaisy.a(qspi.o)
                0x0000000008005c10                daisy::QSPIHandle::Impl::DummyCyclesConfig(daisy::QSPIHandle::Config::Device)
 .text._ZN5daisy10QSPIHandle4Impl10QuadEnableEv
                0x0000000008005d28      0x158 ./libDaisy/build/libdaisy.a(qspi.o)
                0x0000000008005d28                daisy::QSPIHandle::Impl::QuadEnable()
 .text._ZN5daisy10QSPIHandle4InitERKNS0_6ConfigE
                0x0000000008005e80      0x198 ./libDaisy/build/libdaisy.a(qspi.o)
                0x0000000008005e80                daisy::QSPIHandle::Init(daisy::QSPIHandle::Config const&)
 .text.HAL_QSPI_MspInit
                0x0000000008006018      0x11c ./libDaisy/build/libdaisy.a(qspi.o)
                0x0000000008006018                HAL_QSPI_MspInit
 .text.HAL_QSPI_MspDeInit
                0x0000000008006134       0x54 ./libDaisy/build/libdaisy.a(qspi.o)
                0x0000000008006134                HAL_QSPI_MspDeInit
 .text.QUADSPI_IRQHandler
                0x0000000008006188        0xc ./libDaisy/build/libdaisy.a(qspi.o)
                0x0000000008006188                QUADSPI_IRQHandler
 .text.startup._GLOBAL__sub_I__ZN5daisy10QSPIHandle4Impl4InitERKNS0_6ConfigE
                0x0000000008006194       0x28 ./libDaisy/build/libdaisy.a(qspi.o)
 .text._ZN5daisy9SaiHandle4Impl7InitDmaENS1_15PeripheralBlockE
                0x00000000080061bc       0xa0 ./libDaisy/build/libdaisy.a(sai.o)
                0x00000000080061bc                daisy::SaiHandle::Impl::InitDma(daisy::SaiHandle::Impl::PeripheralBlock)
 .text._ZN5daisy9SaiHandle4Impl8InitPinsEv
                0x000000000800625c       0xa8 ./libDaisy/build/libdaisy.a(sai.o)
                0x000000000800625c                daisy::SaiHandle::Impl::InitPins()
 .text.HAL_SAI_MspInit
                0x0000000008006304      0x164 ./libDaisy/build/libdaisy.a(sai.o)
                0x0000000008006304                HAL_SAI_MspInit
 .text.DMA1_Stream0_IRQHandler
                0x0000000008006468        0xc ./libDaisy/build/libdaisy.a(sai.o)
                0x0000000008006468                DMA1_Stream0_IRQHandler
 .text.DMA1_Stream1_IRQHandler
                0x0000000008006474        0xc ./libDaisy/build/libdaisy.a(sai.o)
                0x0000000008006474                DMA1_Stream1_IRQHandler
 .text.DMA1_Stream3_IRQHandler
                0x0000000008006480        0xc ./libDaisy/build/libdaisy.a(sai.o)
                0x0000000008006480                DMA1_Stream3_IRQHandler
 .text.DMA1_Stream4_IRQHandler
                0x000000000800648c        0xc ./libDaisy/build/libdaisy.a(sai.o)
                0x000000000800648c                DMA1_Stream4_IRQHandler
 .text.HAL_SAI_RxHalfCpltCallback
                0x0000000008006498       0x78 ./libDaisy/build/libdaisy.a(sai.o)
                0x0000000008006498                HAL_SAI_RxHalfCpltCallback
 .text.HAL_SAI_RxCpltCallback
                0x0000000008006510       0x70 ./libDaisy/build/libdaisy.a(sai.o)
                0x0000000008006510                HAL_SAI_RxCpltCallback
 .text._ZN5daisy9SaiHandle4InitERKNS0_6ConfigE
                0x0000000008006580      0x1f0 ./libDaisy/build/libdaisy.a(sai.o)
                0x0000000008006580                daisy::SaiHandle::Init(daisy::SaiHandle::Config const&)
 .text._ZNK5daisy9SaiHandle9GetConfigEv
                0x0000000008006770        0x4 ./libDaisy/build/libdaisy.a(sai.o)
                0x0000000008006770                daisy::SaiHandle::GetConfig() const
 .text._ZN5daisy9SaiHandle8StartDmaEPlS1_jPFvS1_S1_jE
                0x0000000008006774       0xbc ./libDaisy/build/libdaisy.a(sai.o)
                0x0000000008006774                daisy::SaiHandle::StartDma(long*, long*, unsigned int, void (*)(long*, long*, unsigned int))
 .text._ZN5daisy9SaiHandle13GetSampleRateEv
                0x0000000008006830       0x24 ./libDaisy/build/libdaisy.a(sai.o)
                0x0000000008006830                daisy::SaiHandle::GetSampleRate()
 .text._ZNK5daisy9SaiHandle9GetOffsetEv
                0x0000000008006854        0x8 ./libDaisy/build/libdaisy.a(sai.o)
                0x0000000008006854                daisy::SaiHandle::GetOffset() const
 .text._ZN5daisy9SpiHandle4Impl7InitDmaEv
                0x000000000800685c       0xec ./libDaisy/build/libdaisy.a(spi.o)
                0x000000000800685c                daisy::SpiHandle::Impl::InitDma()
 .text._ZN5daisy9SpiHandle4Impl10StartDmaTxEPhjPFvPvEPFvS3_NS0_6ResultEES3_
                0x0000000008006948       0xc8 ./libDaisy/build/libdaisy.a(spi.o)
                0x0000000008006948                daisy::SpiHandle::Impl::StartDmaTx(unsigned char*, unsigned int, void (*)(void*), void (*)(void*, daisy::SpiHandle::Result), void*)
 .text._ZN5daisy9SpiHandle4Impl10StartDmaRxEPhjPFvPvEPFvS3_NS0_6ResultEES3_
                0x0000000008006a10       0xc8 ./libDaisy/build/libdaisy.a(spi.o)
                0x0000000008006a10                daisy::SpiHandle::Impl::StartDmaRx(unsigned char*, unsigned int, void (*)(void*), void (*)(void*, daisy::SpiHandle::Result), void*)
 .text._ZN5daisy9SpiHandle4Impl12StartDmaRxTxEPhS2_jPFvPvEPFvS3_NS0_6ResultEES3_
                0x0000000008006ad8       0xcc ./libDaisy/build/libdaisy.a(spi.o)
                0x0000000008006ad8                daisy::SpiHandle::Impl::StartDmaRxTx(unsigned char*, unsigned char*, unsigned int, void (*)(void*), void (*)(void*, daisy::SpiHandle::Result), void*)
 .text._ZN5daisy9SpiHandle4Impl8InitPinsEv
                0x0000000008006ba4      0x274 ./libDaisy/build/libdaisy.a(spi.o)
                0x0000000008006ba4                daisy::SpiHandle::Impl::InitPins()
 .text.HAL_SPI_MspInit
                0x0000000008006e18      0x1a8 ./libDaisy/build/libdaisy.a(spi.o)
                0x0000000008006e18                HAL_SPI_MspInit
 .text.dsy_spi_global_init
                0x0000000008006fc0       0x80 ./libDaisy/build/libdaisy.a(spi.o)
                0x0000000008006fc0                dsy_spi_global_init
 .text.SPI1_IRQHandler
                0x0000000008007040        0xc ./libDaisy/build/libdaisy.a(spi.o)
                0x0000000008007040                SPI1_IRQHandler
 .text.SPI2_IRQHandler
                0x000000000800704c        0xc ./libDaisy/build/libdaisy.a(spi.o)
                0x000000000800704c                SPI2_IRQHandler
 .text.SPI3_IRQHandler
                0x0000000008007058        0xc ./libDaisy/build/libdaisy.a(spi.o)
                0x0000000008007058                SPI3_IRQHandler
 .text.SPI4_IRQHandler
                0x0000000008007064        0xc ./libDaisy/build/libdaisy.a(spi.o)
                0x0000000008007064                SPI4_IRQHandler
 .text.SPI5_IRQHandler
                0x0000000008007070        0xc ./libDaisy/build/libdaisy.a(spi.o)
                0x0000000008007070                SPI5_IRQHandler
 .text.DMA2_Stream2_IRQHandler
                0x000000000800707c       0x34 ./libDaisy/build/libdaisy.a(spi.o)
                0x000000000800707c                DMA2_Stream2_IRQHandler
 .text.DMA2_Stream3_IRQHandler
                0x00000000080070b0       0x38 ./libDaisy/build/libdaisy.a(spi.o)
                0x00000000080070b0                DMA2_Stream3_IRQHandler
 .text.HAL_SPI_TxCpltCallback
                0x00000000080070e8       0xc4 ./libDaisy/build/libdaisy.a(spi.o)
                0x00000000080070e8                HAL_SPI_TxCpltCallback
 .text.HAL_SPI_RxCpltCallback
                0x00000000080071ac       0xc4 ./libDaisy/build/libdaisy.a(spi.o)
                0x00000000080071ac                HAL_SPI_RxCpltCallback
 .text.HAL_SPI_TxRxCpltCallback
                0x0000000008007270       0xc4 ./libDaisy/build/libdaisy.a(spi.o)
                0x0000000008007270                HAL_SPI_TxRxCpltCallback
 .text.HAL_SPI_ErrorCallback
                0x0000000008007334       0xc8 ./libDaisy/build/libdaisy.a(spi.o)
                0x0000000008007334                HAL_SPI_ErrorCallback
 .text._ZN5daisy9SpiHandle4InitERKNS0_6ConfigE
                0x00000000080073fc      0x110 ./libDaisy/build/libdaisy.a(spi.o)
                0x00000000080073fc                daisy::SpiHandle::Init(daisy::SpiHandle::Config const&)
 .text._ZN5daisy9SpiHandle16BlockingTransmitEPhjm
                0x000000000800750c       0x14 ./libDaisy/build/libdaisy.a(spi.o)
                0x000000000800750c                daisy::SpiHandle::BlockingTransmit(unsigned char*, unsigned int, unsigned long)
 .text._ZN5daisy9SpiHandle11DmaTransmitEPhjPFvPvEPFvS2_NS0_6ResultEES2_
                0x0000000008007520       0x6c ./libDaisy/build/libdaisy.a(spi.o)
                0x0000000008007520                daisy::SpiHandle::DmaTransmit(unsigned char*, unsigned int, void (*)(void*), void (*)(void*, daisy::SpiHandle::Result), void*)
 .text.startup._GLOBAL__sub_I__Z19MapInstanceToHandleP11SPI_TypeDef
                0x000000000800758c      0x1b0 ./libDaisy/build/libdaisy.a(spi.o)
 .text._ZN5daisy11TimerHandleD2Ev
                0x000000000800773c        0x4 ./libDaisy/build/libdaisy.a(system.o)
                0x000000000800773c                daisy::TimerHandle::~TimerHandle()
                0x000000000800773c                daisy::TimerHandle::~TimerHandle()
 .text.SysTick_Handler
                0x0000000008007740       0x10 ./libDaisy/build/libdaisy.a(system.o)
                0x0000000008007740                SysTick_Handler
 .text.OTG_HS_EP1_OUT_IRQHandler
                0x0000000008007750       0x24 ./libDaisy/build/libdaisy.a(system.o)
                0x0000000008007750                OTG_HS_EP1_OUT_IRQHandler
 .text.OTG_HS_EP1_IN_IRQHandler
                0x0000000008007774       0x24 ./libDaisy/build/libdaisy.a(system.o)
                0x0000000008007774                OTG_HS_EP1_IN_IRQHandler
 .text.OTG_HS_IRQHandler
                0x0000000008007798       0x24 ./libDaisy/build/libdaisy.a(system.o)
                0x0000000008007798                OTG_HS_IRQHandler
 .text.HardFault_Handler
                0x00000000080077bc       0xe0 ./libDaisy/build/libdaisy.a(system.o)
                0x00000000080077bc                HardFault_Handler
 .text._ZN5daisy6System6GetNowEv
                0x000000000800789c        0x4 ./libDaisy/build/libdaisy.a(system.o)
                0x000000000800789c                daisy::System::GetNow()
 .text._ZN5daisy6System5DelayEm
                0x00000000080078a0        0x4 ./libDaisy/build/libdaisy.a(system.o)
                0x00000000080078a0                daisy::System::Delay(unsigned long)
 .text._ZN5daisy6System7DelayUsEm
                0x00000000080078a4        0xc ./libDaisy/build/libdaisy.a(system.o)
                0x00000000080078a4                daisy::System::DelayUs(unsigned long)
 .text._ZN5daisy6System10DelayTicksEm
                0x00000000080078b0        0xc ./libDaisy/build/libdaisy.a(system.o)
                0x00000000080078b0                daisy::System::DelayTicks(unsigned long)
 .text._ZN5daisy6System20GetBootloaderVersionEv
                0x00000000080078bc       0x34 ./libDaisy/build/libdaisy.a(system.o)
                0x00000000080078bc                daisy::System::GetBootloaderVersion()
 .text._ZN5daisy6System15ConfigureClocksEv
                0x00000000080078f0      0x194 ./libDaisy/build/libdaisy.a(system.o)
                0x00000000080078f0                daisy::System::ConfigureClocks()
 .text._ZN5daisy6System12ConfigureMpuEv
                0x0000000008007a84       0x7c ./libDaisy/build/libdaisy.a(system.o)
                0x0000000008007a84                daisy::System::ConfigureMpu()
 .text._ZN5daisy6System4InitERKNS0_6ConfigE
                0x0000000008007b00       0xec ./libDaisy/build/libdaisy.a(system.o)
                0x0000000008007b00                daisy::System::Init(daisy::System::Config const&)
 .text._ZN5daisy6System12GetPClk1FreqEv
                0x0000000008007bec        0x4 ./libDaisy/build/libdaisy.a(system.o)
                0x0000000008007bec                daisy::System::GetPClk1Freq()
 .text._ZN5daisy6System22GetProgramMemoryRegionEv
                0x0000000008007bf0       0x78 ./libDaisy/build/libdaisy.a(system.o)
                0x0000000008007bf0                daisy::System::GetProgramMemoryRegion()
 .text.startup._GLOBAL__sub_I__ZN5daisy9boot_infoE
                0x0000000008007c68       0x1c ./libDaisy/build/libdaisy.a(system.o)
 .text.SystemInit
                0x0000000008007c84       0x9c ./libDaisy/build/libdaisy.a(system_stm32h7xx.o)
                0x0000000008007c84                SystemInit
 .text.dummy_rx_callback
                0x0000000008007d20        0x4 ./libDaisy/build/libdaisy.a(usbd_cdc_if.o)
                0x0000000008007d20                dummy_rx_callback
 .text.CDC_DeInit_FS
                0x0000000008007d24        0x4 ./libDaisy/build/libdaisy.a(usbd_cdc_if.o)
 .text.CDC_Receive_FS
                0x0000000008007d28       0x2c ./libDaisy/build/libdaisy.a(usbd_cdc_if.o)
 .text.CDC_Receive_HS
                0x0000000008007d54       0x2c ./libDaisy/build/libdaisy.a(usbd_cdc_if.o)
 .text.CDC_Init_FS
                0x0000000008007d80       0x3c ./libDaisy/build/libdaisy.a(usbd_cdc_if.o)
 .text.CDC_Init_HS
                0x0000000008007dbc       0x3c ./libDaisy/build/libdaisy.a(usbd_cdc_if.o)
 .text.CDC_Control_FS
                0x0000000008007df8       0x34 ./libDaisy/build/libdaisy.a(usbd_cdc_if.o)
 .text.CDC_Control_HS
                0x0000000008007e2c       0x34 ./libDaisy/build/libdaisy.a(usbd_cdc_if.o)
 .text.CDC_DeInit_HS
                0x0000000008007e60        0x4 ./libDaisy/build/libdaisy.a(usbd_cdc_if.o)
 .text.CDC_Transmit_FS
                0x0000000008007e64       0x2c ./libDaisy/build/libdaisy.a(usbd_cdc_if.o)
                0x0000000008007e64                CDC_Transmit_FS
 .text.HAL_PCD_MspInit
                0x0000000008007e90      0x144 ./libDaisy/build/libdaisy.a(usbd_conf.o)
                0x0000000008007e90                HAL_PCD_MspInit
 .text.HAL_PCD_SetupStageCallback
                0x0000000008007fd4        0xc ./libDaisy/build/libdaisy.a(usbd_conf.o)
                0x0000000008007fd4                HAL_PCD_SetupStageCallback
 .text.HAL_PCD_DataOutStageCallback
                0x0000000008007fe0       0x14 ./libDaisy/build/libdaisy.a(usbd_conf.o)
                0x0000000008007fe0                HAL_PCD_DataOutStageCallback
 .text.HAL_PCD_DataInStageCallback
                0x0000000008007ff4       0x14 ./libDaisy/build/libdaisy.a(usbd_conf.o)
                0x0000000008007ff4                HAL_PCD_DataInStageCallback
 .text.HAL_PCD_SOFCallback
                0x0000000008008008        0x8 ./libDaisy/build/libdaisy.a(usbd_conf.o)
                0x0000000008008008                HAL_PCD_SOFCallback
 .text.HAL_PCD_ResetCallback
                0x0000000008008010       0x24 ./libDaisy/build/libdaisy.a(usbd_conf.o)
                0x0000000008008010                HAL_PCD_ResetCallback
 .text.HAL_PCD_SuspendCallback
                0x0000000008008034       0x30 ./libDaisy/build/libdaisy.a(usbd_conf.o)
                0x0000000008008034                HAL_PCD_SuspendCallback
 .text.HAL_PCD_ResumeCallback
                0x0000000008008064        0x8 ./libDaisy/build/libdaisy.a(usbd_conf.o)
                0x0000000008008064                HAL_PCD_ResumeCallback
 .text.HAL_PCD_ISOOUTIncompleteCallback
                0x000000000800806c        0x8 ./libDaisy/build/libdaisy.a(usbd_conf.o)
                0x000000000800806c                HAL_PCD_ISOOUTIncompleteCallback
 .text.HAL_PCD_ISOINIncompleteCallback
                0x0000000008008074        0x8 ./libDaisy/build/libdaisy.a(usbd_conf.o)
                0x0000000008008074                HAL_PCD_ISOINIncompleteCallback
 .text.HAL_PCD_ConnectCallback
                0x000000000800807c        0x8 ./libDaisy/build/libdaisy.a(usbd_conf.o)
                0x000000000800807c                HAL_PCD_ConnectCallback
 .text.HAL_PCD_DisconnectCallback
                0x0000000008008084        0x8 ./libDaisy/build/libdaisy.a(usbd_conf.o)
                0x0000000008008084                HAL_PCD_DisconnectCallback
 .text.USBD_LL_Init
                0x000000000800808c       0xe4 ./libDaisy/build/libdaisy.a(usbd_conf.o)
                0x000000000800808c                USBD_LL_Init
 .text.USBD_LL_Start
                0x0000000008008170       0x1c ./libDaisy/build/libdaisy.a(usbd_conf.o)
                0x0000000008008170                USBD_LL_Start
 .text.USBD_LL_OpenEP
                0x000000000800818c       0x24 ./libDaisy/build/libdaisy.a(usbd_conf.o)
                0x000000000800818c                USBD_LL_OpenEP
 .text.USBD_LL_CloseEP
                0x00000000080081b0       0x1c ./libDaisy/build/libdaisy.a(usbd_conf.o)
                0x00000000080081b0                USBD_LL_CloseEP
 .text.USBD_LL_StallEP
                0x00000000080081cc       0x1c ./libDaisy/build/libdaisy.a(usbd_conf.o)
                0x00000000080081cc                USBD_LL_StallEP
 .text.USBD_LL_ClearStallEP
                0x00000000080081e8       0x1c ./libDaisy/build/libdaisy.a(usbd_conf.o)
                0x00000000080081e8                USBD_LL_ClearStallEP
 .text.USBD_LL_IsStallEP
                0x0000000008008204       0x28 ./libDaisy/build/libdaisy.a(usbd_conf.o)
                0x0000000008008204                USBD_LL_IsStallEP
 .text.USBD_LL_SetUSBAddress
                0x000000000800822c       0x1c ./libDaisy/build/libdaisy.a(usbd_conf.o)
                0x000000000800822c                USBD_LL_SetUSBAddress
 .text.USBD_LL_Transmit
                0x0000000008008248       0x1c ./libDaisy/build/libdaisy.a(usbd_conf.o)
                0x0000000008008248                USBD_LL_Transmit
 .text.USBD_LL_PrepareReceive
                0x0000000008008264       0x1c ./libDaisy/build/libdaisy.a(usbd_conf.o)
                0x0000000008008264                USBD_LL_PrepareReceive
 .text.USBD_LL_GetRxDataSize
                0x0000000008008280        0x8 ./libDaisy/build/libdaisy.a(usbd_conf.o)
                0x0000000008008280                USBD_LL_GetRxDataSize
 .text.USBD_HS_DeviceDescriptor
                0x0000000008008288        0xc ./libDaisy/build/libdaisy.a(usbd_desc.o)
                0x0000000008008288                USBD_HS_DeviceDescriptor
 .text.USBD_FS_DeviceDescriptor
                0x0000000008008294        0xc ./libDaisy/build/libdaisy.a(usbd_desc.o)
                0x0000000008008294                USBD_FS_DeviceDescriptor
 .text.USBD_FS_LangIDStrDescriptor
                0x00000000080082a0        0xc ./libDaisy/build/libdaisy.a(usbd_desc.o)
                0x00000000080082a0                USBD_FS_LangIDStrDescriptor
 .text.USBD_FS_ManufacturerStrDescriptor
                0x00000000080082ac       0x1c ./libDaisy/build/libdaisy.a(usbd_desc.o)
                0x00000000080082ac                USBD_FS_ManufacturerStrDescriptor
 .text.USBD_HS_ProductStrDescriptor
                0x00000000080082c8       0x1c ./libDaisy/build/libdaisy.a(usbd_desc.o)
                0x00000000080082c8                USBD_HS_ProductStrDescriptor
 .text.USBD_FS_ConfigStrDescriptor
                0x00000000080082e4       0x1c ./libDaisy/build/libdaisy.a(usbd_desc.o)
                0x00000000080082e4                USBD_FS_ConfigStrDescriptor
 .text.USBD_FS_InterfaceStrDescriptor
                0x0000000008008300       0x1c ./libDaisy/build/libdaisy.a(usbd_desc.o)
                0x0000000008008300                USBD_FS_InterfaceStrDescriptor
 .text.USBD_FS_ProductStrDescriptor
                0x000000000800831c       0x1c ./libDaisy/build/libdaisy.a(usbd_desc.o)
                0x000000000800831c                USBD_FS_ProductStrDescriptor
 .text.USBD_HS_LangIDStrDescriptor
                0x0000000008008338        0xc ./libDaisy/build/libdaisy.a(usbd_desc.o)
                0x0000000008008338                USBD_HS_LangIDStrDescriptor
 .text.USBD_HS_ManufacturerStrDescriptor
                0x0000000008008344       0x1c ./libDaisy/build/libdaisy.a(usbd_desc.o)
                0x0000000008008344                USBD_HS_ManufacturerStrDescriptor
 .text.USBD_FS_SerialStrDescriptor
                0x0000000008008360      0x124 ./libDaisy/build/libdaisy.a(usbd_desc.o)
                0x0000000008008360                USBD_FS_SerialStrDescriptor
 .text.USBD_HS_SerialStrDescriptor
                0x0000000008008484      0x124 ./libDaisy/build/libdaisy.a(usbd_desc.o)
                0x0000000008008484                USBD_HS_SerialStrDescriptor
 .text.USBD_HS_InterfaceStrDescriptor
                0x00000000080085a8       0x1c ./libDaisy/build/libdaisy.a(usbd_desc.o)
                0x00000000080085a8                USBD_HS_InterfaceStrDescriptor
 .text.USBD_HS_ConfigStrDescriptor
                0x00000000080085c4       0x1c ./libDaisy/build/libdaisy.a(usbd_desc.o)
                0x00000000080085c4                USBD_HS_ConfigStrDescriptor
 .text.HAL_HCD_SOF_Callback
                0x00000000080085e0        0x8 ./libDaisy/build/libdaisy.a(usbh_conf.o)
                0x00000000080085e0                HAL_HCD_SOF_Callback
 .text.HAL_HCD_Connect_Callback
                0x00000000080085e8        0x8 ./libDaisy/build/libdaisy.a(usbh_conf.o)
                0x00000000080085e8                HAL_HCD_Connect_Callback
 .text.HAL_HCD_Disconnect_Callback
                0x00000000080085f0        0x8 ./libDaisy/build/libdaisy.a(usbh_conf.o)
                0x00000000080085f0                HAL_HCD_Disconnect_Callback
 .text.HAL_HCD_HC_NotifyURBChange_Callback
                0x00000000080085f8        0x4 ./libDaisy/build/libdaisy.a(usbh_conf.o)
                0x00000000080085f8                HAL_HCD_HC_NotifyURBChange_Callback
 .text.HAL_HCD_PortEnabled_Callback
                0x00000000080085fc        0x8 ./libDaisy/build/libdaisy.a(usbh_conf.o)
                0x00000000080085fc                HAL_HCD_PortEnabled_Callback
 .text.HAL_HCD_PortDisabled_Callback
                0x0000000008008604        0x8 ./libDaisy/build/libdaisy.a(usbh_conf.o)
                0x0000000008008604                HAL_HCD_PortDisabled_Callback
 .text.USBH_LL_Stop
                0x000000000800860c       0x1c ./libDaisy/build/libdaisy.a(usbh_conf.o)
                0x000000000800860c                USBH_LL_Stop
 .text.dsy_hal_map_get_port
                0x0000000008008628       0x10 ./libDaisy/build/libdaisy.a(hal_map.o)
                0x0000000008008628                dsy_hal_map_get_port
 .text.dsy_hal_map_get_pin
                0x0000000008008638       0x10 ./libDaisy/build/libdaisy.a(hal_map.o)
                0x0000000008008638                dsy_hal_map_get_pin
 .text.dsy_hal_map_gpio_clk_enable
                0x0000000008008648      0x150 ./libDaisy/build/libdaisy.a(hal_map.o)
                0x0000000008008648                dsy_hal_map_gpio_clk_enable
 .text.HAL_MspInit
                0x0000000008008798        0x4 ./libDaisy/build/libdaisy.a(stm32h7xx_hal.o)
                0x0000000008008798                HAL_MspInit
 .text.HAL_InitTick
                0x000000000800879c       0x4c ./libDaisy/build/libdaisy.a(stm32h7xx_hal.o)
                0x000000000800879c                HAL_InitTick
 .text.HAL_Init
                0x00000000080087e8       0x60 ./libDaisy/build/libdaisy.a(stm32h7xx_hal.o)
                0x00000000080087e8                HAL_Init
 .text.HAL_IncTick
                0x0000000008008848       0x18 ./libDaisy/build/libdaisy.a(stm32h7xx_hal.o)
                0x0000000008008848                HAL_IncTick
 .text.HAL_GetTick
                0x0000000008008860        0xc ./libDaisy/build/libdaisy.a(stm32h7xx_hal.o)
                0x0000000008008860                HAL_GetTick
 .text.HAL_Delay
                0x000000000800886c       0x24 ./libDaisy/build/libdaisy.a(stm32h7xx_hal.o)
                0x000000000800886c                HAL_Delay
 .text.HAL_GetREVID
                0x0000000008008890        0xc ./libDaisy/build/libdaisy.a(stm32h7xx_hal.o)
                0x0000000008008890                HAL_GetREVID
 .text.HAL_NVIC_SetPriorityGrouping
                0x000000000800889c       0x24 ./libDaisy/build/libdaisy.a(stm32h7xx_hal_cortex.o)
                0x000000000800889c                HAL_NVIC_SetPriorityGrouping
 .text.HAL_NVIC_SetPriority
                0x00000000080088c0       0x7c ./libDaisy/build/libdaisy.a(stm32h7xx_hal_cortex.o)
                0x00000000080088c0                HAL_NVIC_SetPriority
 .text.HAL_NVIC_EnableIRQ
                0x000000000800893c       0x1c ./libDaisy/build/libdaisy.a(stm32h7xx_hal_cortex.o)
                0x000000000800893c                HAL_NVIC_EnableIRQ
 .text.HAL_NVIC_DisableIRQ
                0x0000000008008958       0x28 ./libDaisy/build/libdaisy.a(stm32h7xx_hal_cortex.o)
                0x0000000008008958                HAL_NVIC_DisableIRQ
 .text.HAL_SYSTICK_Config
                0x0000000008008980       0x2c ./libDaisy/build/libdaisy.a(stm32h7xx_hal_cortex.o)
                0x0000000008008980                HAL_SYSTICK_Config
 .text.HAL_MPU_Disable
                0x00000000080089ac       0x1c ./libDaisy/build/libdaisy.a(stm32h7xx_hal_cortex.o)
                0x00000000080089ac                HAL_MPU_Disable
 .text.HAL_MPU_Enable
                0x00000000080089c8       0x20 ./libDaisy/build/libdaisy.a(stm32h7xx_hal_cortex.o)
                0x00000000080089c8                HAL_MPU_Enable
 .text.HAL_MPU_ConfigRegion
                0x00000000080089e8       0x64 ./libDaisy/build/libdaisy.a(stm32h7xx_hal_cortex.o)
                0x00000000080089e8                HAL_MPU_ConfigRegion
 .text.HAL_SYSTICK_Callback
                0x0000000008008a4c        0x4 ./libDaisy/build/libdaisy.a(stm32h7xx_hal_cortex.o)
                0x0000000008008a4c                HAL_SYSTICK_Callback
 .text.HAL_SYSTICK_IRQHandler
                0x0000000008008a50        0x8 ./libDaisy/build/libdaisy.a(stm32h7xx_hal_cortex.o)
                0x0000000008008a50                HAL_SYSTICK_IRQHandler
 .text.DMA_CalcBaseAndBitshift
                0x0000000008008a58       0xf4 ./libDaisy/build/libdaisy.a(stm32h7xx_hal_dma.o)
 .text.DMA_CalcDMAMUXChannelBaseAndMask
                0x0000000008008b4c       0xd8 ./libDaisy/build/libdaisy.a(stm32h7xx_hal_dma.o)
 .text.HAL_DMA_Init
                0x0000000008008c24      0x37c ./libDaisy/build/libdaisy.a(stm32h7xx_hal_dma.o)
                0x0000000008008c24                HAL_DMA_Init
 .text.HAL_DMA_Start_IT
                0x0000000008008fa0      0x240 ./libDaisy/build/libdaisy.a(stm32h7xx_hal_dma.o)
                0x0000000008008fa0                HAL_DMA_Start_IT
 .text.HAL_DMA_Abort_IT
                0x00000000080091e0      0x134 ./libDaisy/build/libdaisy.a(stm32h7xx_hal_dma.o)
                0x00000000080091e0                HAL_DMA_Abort_IT
 .text.HAL_DMA_IRQHandler
                0x0000000008009314      0x6a0 ./libDaisy/build/libdaisy.a(stm32h7xx_hal_dma.o)
                0x0000000008009314                HAL_DMA_IRQHandler
 .text.HAL_DMA_GetError
                0x00000000080099b4        0x4 ./libDaisy/build/libdaisy.a(stm32h7xx_hal_dma.o)
                0x00000000080099b4                HAL_DMA_GetError
 .text.HAL_GPIO_Init
                0x00000000080099b8      0x280 ./libDaisy/build/libdaisy.a(stm32h7xx_hal_gpio.o)
                0x00000000080099b8                HAL_GPIO_Init
 .text.HAL_GPIO_DeInit
                0x0000000008009c38      0x190 ./libDaisy/build/libdaisy.a(stm32h7xx_hal_gpio.o)
                0x0000000008009c38                HAL_GPIO_DeInit
 .text.HAL_GPIO_ReadPin
                0x0000000008009dc8        0xc ./libDaisy/build/libdaisy.a(stm32h7xx_hal_gpio.o)
                0x0000000008009dc8                HAL_GPIO_ReadPin
 .text.HAL_GPIO_WritePin
                0x0000000008009dd4        0x8 ./libDaisy/build/libdaisy.a(stm32h7xx_hal_gpio.o)
                0x0000000008009dd4                HAL_GPIO_WritePin
 .text.HAL_HCD_IRQHandler
                0x0000000008009ddc      0x780 ./libDaisy/build/libdaisy.a(stm32h7xx_hal_hcd.o)
                0x0000000008009ddc                HAL_HCD_IRQHandler
 .text.HAL_HCD_Stop
                0x000000000800a55c       0x28 ./libDaisy/build/libdaisy.a(stm32h7xx_hal_hcd.o)
                0x000000000800a55c                HAL_HCD_Stop
 .text.I2C_WaitOnTXISFlagUntilTimeout
                0x000000000800a584       0xb8 ./libDaisy/build/libdaisy.a(stm32h7xx_hal_i2c.o)
 .text.I2C_WaitOnSTOPFlagUntilTimeout
                0x000000000800a63c       0xac ./libDaisy/build/libdaisy.a(stm32h7xx_hal_i2c.o)
 .text.HAL_I2C_Init
                0x000000000800a6e8       0xac ./libDaisy/build/libdaisy.a(stm32h7xx_hal_i2c.o)
                0x000000000800a6e8                HAL_I2C_Init
 .text.HAL_I2C_Master_Transmit
                0x000000000800a794      0x1a8 ./libDaisy/build/libdaisy.a(stm32h7xx_hal_i2c.o)
                0x000000000800a794                HAL_I2C_Master_Transmit
 .text.HAL_I2C_Slave_Transmit
                0x000000000800a93c      0x1c8 ./libDaisy/build/libdaisy.a(stm32h7xx_hal_i2c.o)
                0x000000000800a93c                HAL_I2C_Slave_Transmit
 .text.HAL_I2C_EV_IRQHandler
                0x000000000800ab04       0x10 ./libDaisy/build/libdaisy.a(stm32h7xx_hal_i2c.o)
                0x000000000800ab04                HAL_I2C_EV_IRQHandler
 .text.HAL_I2C_GetState
                0x000000000800ab14        0x8 ./libDaisy/build/libdaisy.a(stm32h7xx_hal_i2c.o)
                0x000000000800ab14                HAL_I2C_GetState
 .text.HAL_I2CEx_ConfigAnalogFilter
                0x000000000800ab1c       0x54 ./libDaisy/build/libdaisy.a(stm32h7xx_hal_i2c_ex.o)
                0x000000000800ab1c                HAL_I2CEx_ConfigAnalogFilter
 .text.HAL_I2CEx_ConfigDigitalFilter
                0x000000000800ab70       0x58 ./libDaisy/build/libdaisy.a(stm32h7xx_hal_i2c_ex.o)
                0x000000000800ab70                HAL_I2CEx_ConfigDigitalFilter
 .text.HAL_PCD_Init
                0x000000000800abc8      0x12c ./libDaisy/build/libdaisy.a(stm32h7xx_hal_pcd.o)
                0x000000000800abc8                HAL_PCD_Init
 .text.HAL_PCD_Start
                0x000000000800acf4       0x44 ./libDaisy/build/libdaisy.a(stm32h7xx_hal_pcd.o)
                0x000000000800acf4                HAL_PCD_Start
 .text.HAL_PCD_IRQHandler
                0x000000000800ad38      0x69c ./libDaisy/build/libdaisy.a(stm32h7xx_hal_pcd.o)
                0x000000000800ad38                HAL_PCD_IRQHandler
 .text.HAL_PCD_SetAddress
                0x000000000800b3d4       0x2c ./libDaisy/build/libdaisy.a(stm32h7xx_hal_pcd.o)
                0x000000000800b3d4                HAL_PCD_SetAddress
 .text.HAL_PCD_EP_Open
                0x000000000800b400       0x7c ./libDaisy/build/libdaisy.a(stm32h7xx_hal_pcd.o)
                0x000000000800b400                HAL_PCD_EP_Open
 .text.HAL_PCD_EP_Close
                0x000000000800b47c       0x6c ./libDaisy/build/libdaisy.a(stm32h7xx_hal_pcd.o)
                0x000000000800b47c                HAL_PCD_EP_Close
 .text.HAL_PCD_EP_Receive
                0x000000000800b4e8       0x50 ./libDaisy/build/libdaisy.a(stm32h7xx_hal_pcd.o)
                0x000000000800b4e8                HAL_PCD_EP_Receive
 .text.HAL_PCD_EP_GetRxCount
                0x000000000800b538       0x14 ./libDaisy/build/libdaisy.a(stm32h7xx_hal_pcd.o)
                0x000000000800b538                HAL_PCD_EP_GetRxCount
 .text.HAL_PCD_EP_Transmit
                0x000000000800b54c       0x50 ./libDaisy/build/libdaisy.a(stm32h7xx_hal_pcd.o)
                0x000000000800b54c                HAL_PCD_EP_Transmit
 .text.HAL_PCD_EP_SetStall
                0x000000000800b59c       0x88 ./libDaisy/build/libdaisy.a(stm32h7xx_hal_pcd.o)
                0x000000000800b59c                HAL_PCD_EP_SetStall
 .text.HAL_PCD_EP_ClrStall
                0x000000000800b624       0x78 ./libDaisy/build/libdaisy.a(stm32h7xx_hal_pcd.o)
                0x000000000800b624                HAL_PCD_EP_ClrStall
 .text.HAL_PCDEx_SetTxFiFo
                0x000000000800b69c       0x54 ./libDaisy/build/libdaisy.a(stm32h7xx_hal_pcd_ex.o)
                0x000000000800b69c                HAL_PCDEx_SetTxFiFo
 .text.HAL_PCDEx_SetRxFiFo
                0x000000000800b6f0        0xc ./libDaisy/build/libdaisy.a(stm32h7xx_hal_pcd_ex.o)
                0x000000000800b6f0                HAL_PCDEx_SetRxFiFo
 .text.HAL_PCDEx_ActivateLPM
                0x000000000800b6fc       0x30 ./libDaisy/build/libdaisy.a(stm32h7xx_hal_pcd_ex.o)
                0x000000000800b6fc                HAL_PCDEx_ActivateLPM
 .text.HAL_PCDEx_LPM_Callback
                0x000000000800b72c        0x4 ./libDaisy/build/libdaisy.a(stm32h7xx_hal_pcd_ex.o)
                0x000000000800b72c                HAL_PCDEx_LPM_Callback
 .text.HAL_PWREx_ConfigSupply
                0x000000000800b730       0x4c ./libDaisy/build/libdaisy.a(stm32h7xx_hal_pwr_ex.o)
                0x000000000800b730                HAL_PWREx_ConfigSupply
 .text.HAL_PWREx_EnableUSBVoltageDetector
                0x000000000800b77c       0x10 ./libDaisy/build/libdaisy.a(stm32h7xx_hal_pwr_ex.o)
                0x000000000800b77c                HAL_PWREx_EnableUSBVoltageDetector
 .text.QSPI_Config
                0x000000000800b78c      0x174 ./libDaisy/build/libdaisy.a(stm32h7xx_hal_qspi.o)
 .text.HAL_QSPI_Init
                0x000000000800b900       0xd8 ./libDaisy/build/libdaisy.a(stm32h7xx_hal_qspi.o)
                0x000000000800b900                HAL_QSPI_Init
 .text.HAL_QSPI_DeInit
                0x000000000800b9d8       0x3c ./libDaisy/build/libdaisy.a(stm32h7xx_hal_qspi.o)
                0x000000000800b9d8                HAL_QSPI_DeInit
 .text.HAL_QSPI_Command
                0x000000000800ba14       0xd4 ./libDaisy/build/libdaisy.a(stm32h7xx_hal_qspi.o)
                0x000000000800ba14                HAL_QSPI_Command
 .text.HAL_QSPI_Transmit
                0x000000000800bae8       0xfc ./libDaisy/build/libdaisy.a(stm32h7xx_hal_qspi.o)
                0x000000000800bae8                HAL_QSPI_Transmit
 .text.HAL_QSPI_Receive
                0x000000000800bbe4      0x108 ./libDaisy/build/libdaisy.a(stm32h7xx_hal_qspi.o)
                0x000000000800bbe4                HAL_QSPI_Receive
 .text.HAL_QSPI_AutoPolling
                0x000000000800bcec       0xf0 ./libDaisy/build/libdaisy.a(stm32h7xx_hal_qspi.o)
                0x000000000800bcec                HAL_QSPI_AutoPolling
 .text.HAL_QSPI_MemoryMapped
                0x000000000800bddc       0xc0 ./libDaisy/build/libdaisy.a(stm32h7xx_hal_qspi.o)
                0x000000000800bddc                HAL_QSPI_MemoryMapped
 .text.HAL_QSPI_ErrorCallback
                0x000000000800be9c        0x4 ./libDaisy/build/libdaisy.a(stm32h7xx_hal_qspi.o)
                0x000000000800be9c                HAL_QSPI_ErrorCallback
 .text.QSPI_DMAAbortCplt
                0x000000000800bea0       0x38 ./libDaisy/build/libdaisy.a(stm32h7xx_hal_qspi.o)
 .text.HAL_QSPI_AbortCpltCallback
                0x000000000800bed8        0x4 ./libDaisy/build/libdaisy.a(stm32h7xx_hal_qspi.o)
                0x000000000800bed8                HAL_QSPI_AbortCpltCallback
 .text.HAL_QSPI_CmdCpltCallback
                0x000000000800bedc        0x4 ./libDaisy/build/libdaisy.a(stm32h7xx_hal_qspi.o)
                0x000000000800bedc                HAL_QSPI_CmdCpltCallback
 .text.HAL_QSPI_RxCpltCallback
                0x000000000800bee0        0x4 ./libDaisy/build/libdaisy.a(stm32h7xx_hal_qspi.o)
                0x000000000800bee0                HAL_QSPI_RxCpltCallback
 .text.HAL_QSPI_TxCpltCallback
                0x000000000800bee4        0x4 ./libDaisy/build/libdaisy.a(stm32h7xx_hal_qspi.o)
                0x000000000800bee4                HAL_QSPI_TxCpltCallback
 .text.HAL_QSPI_FifoThresholdCallback
                0x000000000800bee8        0x4 ./libDaisy/build/libdaisy.a(stm32h7xx_hal_qspi.o)
                0x000000000800bee8                HAL_QSPI_FifoThresholdCallback
 .text.HAL_QSPI_StatusMatchCallback
                0x000000000800beec        0x4 ./libDaisy/build/libdaisy.a(stm32h7xx_hal_qspi.o)
                0x000000000800beec                HAL_QSPI_StatusMatchCallback
 .text.HAL_QSPI_TimeOutCallback
                0x000000000800bef0        0x4 ./libDaisy/build/libdaisy.a(stm32h7xx_hal_qspi.o)
                0x000000000800bef0                HAL_QSPI_TimeOutCallback
 .text.HAL_QSPI_IRQHandler
                0x000000000800bef4      0x210 ./libDaisy/build/libdaisy.a(stm32h7xx_hal_qspi.o)
                0x000000000800bef4                HAL_QSPI_IRQHandler
 .text.HAL_RCC_OscConfig
                0x000000000800c104      0x51c ./libDaisy/build/libdaisy.a(stm32h7xx_hal_rcc.o)
                0x000000000800c104                HAL_RCC_OscConfig
 .text.HAL_RCC_GetSysClockFreq
                0x000000000800c620      0x140 ./libDaisy/build/libdaisy.a(stm32h7xx_hal_rcc.o)
                0x000000000800c620                HAL_RCC_GetSysClockFreq
 .text.HAL_RCC_ClockConfig
                0x000000000800c760      0x234 ./libDaisy/build/libdaisy.a(stm32h7xx_hal_rcc.o)
                0x000000000800c760                HAL_RCC_ClockConfig
 .text.HAL_RCC_GetHCLKFreq
                0x000000000800c994       0x2c ./libDaisy/build/libdaisy.a(stm32h7xx_hal_rcc.o)
                0x000000000800c994                HAL_RCC_GetHCLKFreq
 .text.HAL_RCC_GetPCLK1Freq
                0x000000000800c9c0       0x38 ./libDaisy/build/libdaisy.a(stm32h7xx_hal_rcc.o)
                0x000000000800c9c0                HAL_RCC_GetPCLK1Freq
 .text.HAL_RCC_GetPCLK2Freq
                0x000000000800c9f8       0x38 ./libDaisy/build/libdaisy.a(stm32h7xx_hal_rcc.o)
                0x000000000800c9f8                HAL_RCC_GetPCLK2Freq
 .text.RCCEx_PLL2_Config
                0x000000000800ca30       0xf4 ./libDaisy/build/libdaisy.a(stm32h7xx_hal_rcc_ex.o)
 .text.RCCEx_PLL3_Config
                0x000000000800cb24       0xf4 ./libDaisy/build/libdaisy.a(stm32h7xx_hal_rcc_ex.o)
 .text.HAL_RCCEx_PeriphCLKConfig
                0x000000000800cc18      0xa7c ./libDaisy/build/libdaisy.a(stm32h7xx_hal_rcc_ex.o)
                0x000000000800cc18                HAL_RCCEx_PeriphCLKConfig
 .text.HAL_RCCEx_GetD3PCLK1Freq
                0x000000000800d694       0x24 ./libDaisy/build/libdaisy.a(stm32h7xx_hal_rcc_ex.o)
                0x000000000800d694                HAL_RCCEx_GetD3PCLK1Freq
 .text.HAL_RCCEx_GetPLL2ClockFreq
                0x000000000800d6b8      0x17c ./libDaisy/build/libdaisy.a(stm32h7xx_hal_rcc_ex.o)
                0x000000000800d6b8                HAL_RCCEx_GetPLL2ClockFreq
 .text.HAL_RCCEx_GetPLL3ClockFreq
                0x000000000800d834      0x17c ./libDaisy/build/libdaisy.a(stm32h7xx_hal_rcc_ex.o)
                0x000000000800d834                HAL_RCCEx_GetPLL3ClockFreq
 .text.HAL_RCCEx_GetPLL1ClockFreq
                0x000000000800d9b0      0x17c ./libDaisy/build/libdaisy.a(stm32h7xx_hal_rcc_ex.o)
                0x000000000800d9b0                HAL_RCCEx_GetPLL1ClockFreq
 .text.HAL_RCCEx_GetPeriphCLKFreq
                0x000000000800db2c      0x198 ./libDaisy/build/libdaisy.a(stm32h7xx_hal_rcc_ex.o)
                0x000000000800db2c                HAL_RCCEx_GetPeriphCLKFreq
 .text.HAL_RCCEx_GetD1SysClockFreq
                0x000000000800dcc4       0x2c ./libDaisy/build/libdaisy.a(stm32h7xx_hal_rcc_ex.o)
                0x000000000800dcc4                HAL_RCCEx_GetD1SysClockFreq
 .text.HAL_SAI_Init.part.0
                0x000000000800dcf0      0x348 ./libDaisy/build/libdaisy.a(stm32h7xx_hal_sai.o)
 .text.HAL_SAI_InitProtocol
                0x000000000800e038      0x178 ./libDaisy/build/libdaisy.a(stm32h7xx_hal_sai.o)
                0x000000000800e038                HAL_SAI_InitProtocol
 .text.HAL_SAI_Transmit_DMA
                0x000000000800e1b0      0x124 ./libDaisy/build/libdaisy.a(stm32h7xx_hal_sai.o)
                0x000000000800e1b0                HAL_SAI_Transmit_DMA
 .text.HAL_SAI_Receive_DMA
                0x000000000800e2d4       0xd0 ./libDaisy/build/libdaisy.a(stm32h7xx_hal_sai.o)
                0x000000000800e2d4                HAL_SAI_Receive_DMA
 .text.HAL_SAI_TxCpltCallback
                0x000000000800e3a4        0x4 ./libDaisy/build/libdaisy.a(stm32h7xx_hal_sai.o)
                0x000000000800e3a4                HAL_SAI_TxCpltCallback
 .text.SAI_DMATxCplt
                0x000000000800e3a8       0x64 ./libDaisy/build/libdaisy.a(stm32h7xx_hal_sai.o)
 .text.HAL_SAI_TxHalfCpltCallback
                0x000000000800e40c        0x4 ./libDaisy/build/libdaisy.a(stm32h7xx_hal_sai.o)
                0x000000000800e40c                HAL_SAI_TxHalfCpltCallback
 .text.SAI_DMATxHalfCplt
                0x000000000800e410        0xc ./libDaisy/build/libdaisy.a(stm32h7xx_hal_sai.o)
 .text.SAI_DMARxCplt
                0x000000000800e41c       0x64 ./libDaisy/build/libdaisy.a(stm32h7xx_hal_sai.o)
 .text.SAI_DMARxHalfCplt
                0x000000000800e480        0xc ./libDaisy/build/libdaisy.a(stm32h7xx_hal_sai.o)
 .text.HAL_SAI_ErrorCallback
                0x000000000800e48c        0x4 ./libDaisy/build/libdaisy.a(stm32h7xx_hal_sai.o)
                0x000000000800e48c                HAL_SAI_ErrorCallback
 .text.SAI_DMAError
                0x000000000800e490       0x6c ./libDaisy/build/libdaisy.a(stm32h7xx_hal_sai.o)
 .text.HAL_SDRAM_Init
                0x000000000800e4fc       0x54 ./libDaisy/build/libdaisy.a(stm32h7xx_hal_sdram.o)
                0x000000000800e4fc                HAL_SDRAM_Init
 .text.HAL_SDRAM_SendCommand
                0x000000000800e550       0x40 ./libDaisy/build/libdaisy.a(stm32h7xx_hal_sdram.o)
                0x000000000800e550                HAL_SDRAM_SendCommand
 .text.HAL_SDRAM_ProgramRefreshRate
                0x000000000800e590       0x30 ./libDaisy/build/libdaisy.a(stm32h7xx_hal_sdram.o)
                0x000000000800e590                HAL_SDRAM_ProgramRefreshRate
 .text.SPI_CloseTransfer
                0x000000000800e5c0       0xb8 ./libDaisy/build/libdaisy.a(stm32h7xx_hal_spi.o)
 .text.HAL_SPI_Init
                0x000000000800e678      0x15c ./libDaisy/build/libdaisy.a(stm32h7xx_hal_spi.o)
                0x000000000800e678                HAL_SPI_Init
 .text.HAL_SPI_Transmit
                0x000000000800e7d4      0x314 ./libDaisy/build/libdaisy.a(stm32h7xx_hal_spi.o)
                0x000000000800e7d4                HAL_SPI_Transmit
 .text.HAL_SPI_Transmit_DMA
                0x000000000800eae8      0x170 ./libDaisy/build/libdaisy.a(stm32h7xx_hal_spi.o)
                0x000000000800eae8                HAL_SPI_Transmit_DMA
 .text.HAL_SPI_TransmitReceive_DMA
                0x000000000800ec58      0x218 ./libDaisy/build/libdaisy.a(stm32h7xx_hal_spi.o)
                0x000000000800ec58                HAL_SPI_TransmitReceive_DMA
 .text.HAL_SPI_Receive_DMA
                0x000000000800ee70      0x1b4 ./libDaisy/build/libdaisy.a(stm32h7xx_hal_spi.o)
                0x000000000800ee70                HAL_SPI_Receive_DMA
 .text.SPI_DMATransmitCplt
                0x000000000800f024       0x28 ./libDaisy/build/libdaisy.a(stm32h7xx_hal_spi.o)
 .text.SPI_DMAReceiveCplt
                0x000000000800f04c       0x28 ./libDaisy/build/libdaisy.a(stm32h7xx_hal_spi.o)
 .text.SPI_DMATransmitReceiveCplt
                0x000000000800f074       0x28 ./libDaisy/build/libdaisy.a(stm32h7xx_hal_spi.o)
 .text.HAL_SPI_TxHalfCpltCallback
                0x000000000800f09c        0x4 ./libDaisy/build/libdaisy.a(stm32h7xx_hal_spi.o)
                0x000000000800f09c                HAL_SPI_TxHalfCpltCallback
 .text.SPI_DMAHalfTransmitCplt
                0x000000000800f0a0        0xc ./libDaisy/build/libdaisy.a(stm32h7xx_hal_spi.o)
 .text.HAL_SPI_RxHalfCpltCallback
                0x000000000800f0ac        0x4 ./libDaisy/build/libdaisy.a(stm32h7xx_hal_spi.o)
                0x000000000800f0ac                HAL_SPI_RxHalfCpltCallback
 .text.SPI_DMAHalfReceiveCplt
                0x000000000800f0b0        0xc ./libDaisy/build/libdaisy.a(stm32h7xx_hal_spi.o)
 .text.HAL_SPI_TxRxHalfCpltCallback
                0x000000000800f0bc        0x4 ./libDaisy/build/libdaisy.a(stm32h7xx_hal_spi.o)
                0x000000000800f0bc                HAL_SPI_TxRxHalfCpltCallback
 .text.SPI_DMAHalfTransmitReceiveCplt
                0x000000000800f0c0        0xc ./libDaisy/build/libdaisy.a(stm32h7xx_hal_spi.o)
 .text.SPI_DMAError
                0x000000000800f0cc       0xd8 ./libDaisy/build/libdaisy.a(stm32h7xx_hal_spi.o)
 .text.HAL_SPI_IRQHandler
                0x000000000800f1a4      0x23c ./libDaisy/build/libdaisy.a(stm32h7xx_hal_spi.o)
                0x000000000800f1a4                HAL_SPI_IRQHandler
 .text.SPI_DMAAbortOnError
                0x000000000800f3e0       0x1c ./libDaisy/build/libdaisy.a(stm32h7xx_hal_spi.o)
 .text.HAL_SPI_GetState
                0x000000000800f3fc        0x8 ./libDaisy/build/libdaisy.a(stm32h7xx_hal_spi.o)
                0x000000000800f3fc                HAL_SPI_GetState
 .text.FMC_SDRAM_Init
                0x000000000800f404       0x7c ./libDaisy/build/libdaisy.a(stm32h7xx_ll_fmc.o)
                0x000000000800f404                FMC_SDRAM_Init
 .text.FMC_SDRAM_Timing_Init
                0x000000000800f480       0x98 ./libDaisy/build/libdaisy.a(stm32h7xx_ll_fmc.o)
                0x000000000800f480                FMC_SDRAM_Timing_Init
 .text.FMC_SDRAM_SendCommand
                0x000000000800f518       0x28 ./libDaisy/build/libdaisy.a(stm32h7xx_ll_fmc.o)
                0x000000000800f518                FMC_SDRAM_SendCommand
 .text.FMC_SDRAM_ProgramRefreshRate
                0x000000000800f540       0x1c ./libDaisy/build/libdaisy.a(stm32h7xx_ll_fmc.o)
                0x000000000800f540                FMC_SDRAM_ProgramRefreshRate
 .text.USB_CoreInit
                0x000000000800f55c      0x124 ./libDaisy/build/libdaisy.a(stm32h7xx_ll_usb.o)
                0x000000000800f55c                USB_CoreInit
 .text.USB_SetTurnaroundTime
                0x000000000800f680      0x104 ./libDaisy/build/libdaisy.a(stm32h7xx_ll_usb.o)
                0x000000000800f680                USB_SetTurnaroundTime
 .text.USB_EnableGlobalInt
                0x000000000800f784       0x10 ./libDaisy/build/libdaisy.a(stm32h7xx_ll_usb.o)
                0x000000000800f784                USB_EnableGlobalInt
 .text.USB_DisableGlobalInt
                0x000000000800f794       0x10 ./libDaisy/build/libdaisy.a(stm32h7xx_ll_usb.o)
                0x000000000800f794                USB_DisableGlobalInt
 .text.USB_SetCurrentMode
                0x000000000800f7a4       0x30 ./libDaisy/build/libdaisy.a(stm32h7xx_ll_usb.o)
                0x000000000800f7a4                USB_SetCurrentMode
 .text.USB_DevInit
                0x000000000800f7d4      0x20c ./libDaisy/build/libdaisy.a(stm32h7xx_ll_usb.o)
                0x000000000800f7d4                USB_DevInit
 .text.USB_FlushTxFifo
                0x000000000800f9e0       0x34 ./libDaisy/build/libdaisy.a(stm32h7xx_ll_usb.o)
                0x000000000800f9e0                USB_FlushTxFifo
 .text.USB_GetDevSpeed
                0x000000000800fa14       0x24 ./libDaisy/build/libdaisy.a(stm32h7xx_ll_usb.o)
                0x000000000800fa14                USB_GetDevSpeed
 .text.USB_ActivateEndpoint
                0x000000000800fa38       0x90 ./libDaisy/build/libdaisy.a(stm32h7xx_ll_usb.o)
                0x000000000800fa38                USB_ActivateEndpoint
 .text.USB_DeactivateEndpoint
                0x000000000800fac8       0x84 ./libDaisy/build/libdaisy.a(stm32h7xx_ll_usb.o)
                0x000000000800fac8                USB_DeactivateEndpoint
 .text.USB_EPStartXfer
                0x000000000800fb4c      0x230 ./libDaisy/build/libdaisy.a(stm32h7xx_ll_usb.o)
                0x000000000800fb4c                USB_EPStartXfer
 .text.USB_EP0StartXfer
                0x000000000800fd7c      0x174 ./libDaisy/build/libdaisy.a(stm32h7xx_ll_usb.o)
                0x000000000800fd7c                USB_EP0StartXfer
 .text.USB_WritePacket
                0x000000000800fef0       0x2c ./libDaisy/build/libdaisy.a(stm32h7xx_ll_usb.o)
                0x000000000800fef0                USB_WritePacket
 .text.USB_ReadPacket
                0x000000000800ff1c       0x20 ./libDaisy/build/libdaisy.a(stm32h7xx_ll_usb.o)
                0x000000000800ff1c                USB_ReadPacket
 .text.USB_EPSetStall
                0x000000000800ff3c       0x68 ./libDaisy/build/libdaisy.a(stm32h7xx_ll_usb.o)
                0x000000000800ff3c                USB_EPSetStall
 .text.USB_EPClearStall
                0x000000000800ffa4       0x58 ./libDaisy/build/libdaisy.a(stm32h7xx_ll_usb.o)
                0x000000000800ffa4                USB_EPClearStall
 .text.USB_SetDevAddress
                0x000000000800fffc       0x24 ./libDaisy/build/libdaisy.a(stm32h7xx_ll_usb.o)
                0x000000000800fffc                USB_SetDevAddress
 .text.USB_DevConnect
                0x0000000008010020       0x1c ./libDaisy/build/libdaisy.a(stm32h7xx_ll_usb.o)
                0x0000000008010020                USB_DevConnect
 .text.USB_DevDisconnect
                0x000000000801003c       0x1c ./libDaisy/build/libdaisy.a(stm32h7xx_ll_usb.o)
                0x000000000801003c                USB_DevDisconnect
 .text.USB_ReadInterrupts
                0x0000000008010058       0x14 ./libDaisy/build/libdaisy.a(stm32h7xx_ll_usb.o)
                0x0000000008010058                USB_ReadInterrupts
 .text.USB_ReadDevAllOutEpInterrupt
                0x000000000801006c       0x1c ./libDaisy/build/libdaisy.a(stm32h7xx_ll_usb.o)
                0x000000000801006c                USB_ReadDevAllOutEpInterrupt
 .text.USB_ReadDevAllInEpInterrupt
                0x0000000008010088       0x1c ./libDaisy/build/libdaisy.a(stm32h7xx_ll_usb.o)
                0x0000000008010088                USB_ReadDevAllInEpInterrupt
 .text.USB_ReadDevOutEPInterrupt
                0x00000000080100a4       0x1c ./libDaisy/build/libdaisy.a(stm32h7xx_ll_usb.o)
                0x00000000080100a4                USB_ReadDevOutEPInterrupt
 .text.USB_ReadDevInEPInterrupt
                0x00000000080100c0       0x38 ./libDaisy/build/libdaisy.a(stm32h7xx_ll_usb.o)
                0x00000000080100c0                USB_ReadDevInEPInterrupt
 .text.USB_GetMode
                0x00000000080100f8        0x8 ./libDaisy/build/libdaisy.a(stm32h7xx_ll_usb.o)
                0x00000000080100f8                USB_GetMode
 .text.USB_ActivateSetup
                0x0000000008010100       0x38 ./libDaisy/build/libdaisy.a(stm32h7xx_ll_usb.o)
                0x0000000008010100                USB_ActivateSetup
 .text.USB_EP0_OutStart
                0x0000000008010138       0x58 ./libDaisy/build/libdaisy.a(stm32h7xx_ll_usb.o)
                0x0000000008010138                USB_EP0_OutStart
 .text.USB_InitFSLSPClkSel